ion: ï¿½ï¿½Size : 2MB[0m
[0;32mI (52) boot: Enabling RNG early entropy source...[0m
[0;32mI (58) boot: Partition Table:[0m
[0;32mI (61) boot: ## Label            Usage          Type ST Offset   Length[0m
ï¿½ets Jun  8 2016 00:22:57

rst:0x1 (POWERON_RESET),boot:0x13 (SPI_FAST_FLASH_BOOT)
configsip: 0, SPIWP:0xee
clk_drv:0x00,q_drv:0x00,d_drv:0x00,cs0_drv:0x00,hd_drv:0x00,wp_drv:0x00
mode:DIO, clock div:2
load:0x3fff0030,len:7172
load:0x40078000,len:15540
load:0x40080400,len:4
ho 8 tail 4 room 4
load:0x40080404,len:3904
entry 0x40080640
[0;32mI (30) boot: ESP-IDF v5.2.3 2nd stage bootloader[0m
[0;32mI (30) boot: compile time Nov  8 2024 14:03:38[0m
[0;32mI (31) boot: Multicore bootloader[0m
[0;32mI (35) boot: chip revision: v1.0[0m
[0;32mI (38) boot.esp32: SPI Speed      : 40MHz[0m
[0;32mI (43) boot.esp32: SPI Mode       : DIO[0m
[0;32mI (48) boot.esp32: SPI Flash Size : 2MB[0m
[0;32mI (52) boot: Enabling RNG early entropy source...[0m
[0;32mI (58) boot: Partition Table:[0m
[0;32mI (61) boot: ## Label            Usage          Type ST Offset   Length[0m
[0;32mI (68) boot:  0 nvs              WiFi data        01 02 00009000 00006000[0m
[0;32mI (76) boot:  1 phy_init         RF data          01 01 0000f000 00001000[0m
[0;32mI (83) boot:  2 factory          factory app      00 00 00010000 00100000[0m
[0;32mI (91) boot: End of partition table[0m
[0;32mI (95) esp_image: segment 0: paddr=00010020 vaddr=3f400020 size=23414h (144404) map[0m
[0;32mI (153) esp_image: segment 1: paddr=0003343c vaddr=3ffb0000 size=03cdch ( 15580) load[0m
[0;32mI (159) esp_image: segment 2: paddr=00037120 vaddr=40080000 size=08ef8h ( 36600) load[0m
[0;32mI (174) esp_image: segment 3: paddr=00040020 vaddr=400d0020 size=91178h (594296) map[0m
[0;32mI (377) esp_image: segment 4: paddr=000d11a0 vaddr=40088ef8 size=0dbf8h ( 56312) load[0m
[0;32mI (411) boot: Loaded app from partition at offset 0x10000[0m
[0;32mI (411) boot: Disabling RNG early entropy source...[0m
[0;32mI (423) cpu_start: Multicore app[0m
[0;32mI (432) cpu_start: Pro cpu start user code[0m
[0;32mI (432) cpu_start: cpu freq: 160000000 Hz[0m
[0;32mI (432) cpu_start: Application information:[0m
[0;32mI (435) cpu_start: Project name:     wifi_station[0m
[0;32mI (440) cpu_start: App version:      1[0m
[0;32mI (445) cpu_start: Compile time:     Nov  8 2024 14:01:59[0m
[0;32mI (451) cpu_start: ELF file SHA256:  cb4c83358...[0m
[0;32mI (456) cpu_start: ESP-IDF:          v5.2.3[0m
[0;32mI (461) cpu_start: Min chip rev:     v0.0[0m
[0;32mI (466) cpu_start: Max chip rev:     v3.99 [0m
[0;32mI (471) cpu_start: Chip rev:         v1.0[0m
[0;32mI (476) heap_init: Initializing. RAM available for dynamic allocation:[0m
[0;32mI (483) heap_init: At 3FFAE6E0 len 00001920 (6 KiB): DRAM[0m
[0;32mI (489) heap_init: At 3FFB8330 len 00027CD0 (159 KiB): DRAM[0m
[0;32mI (495) heap_init: At 3FFE0440 len 00003AE0 (14 KiB): D/IRAM[0m
[0;32mI (501) heap_init: At 3FFE4350 len 0001BCB0 (111 KiB): D/IRAM[0m
[0;32mI (508) heap_init: At 40096AF0 len 00009510 (37 KiB): IRAM[0m
[0;32mI (515) spi_flash: detected chip: generic[0m
[0;32mI (519) spi_flash: flash io: dio[0m
[0;33mW (522) spi_flash: Detected size(4096k) larger than the size in the binary image header(2048k). Using the size in the binary image header.[0m
[0;32mI (537) main_task: Started on CPU0[0m
[0;32mI (547) main_task: Calling app_main()[0m
[0;32mI (567) ESP32_Client: ESP_WIFI_MODE_STA[0m
[0;32mI (577) wifi:wifi driver task: 3ffc0200, prio:23, stack:6656, core=0[0m
[0;32mI (587) wifi:wifi firmware version: 82f54d2[0m
[0;32mI (587) wifi:wifi certification version: v7.0[0m
[0;32mI (587) wifi:config NVS flash: enabled[0m
[0;32mI (587) wifi:config nano formating: disabled[0m
[0;32mI (587) wifi:Init data frame dynamic rx buffer num: 32[0m
[0;32mI (597) wifi:Init static rx mgmt buffer num: 5[0m
[0;32mI (597) wifi:Init management short buffer num: 32[0m
[0;32mI (607) wifi:Init dynamic tx buffer num: 32[0m
[0;32mI (607) wifi:Init static rx buffer size: 1600[0m
[0;32mI (607) wifi:Init static rx buffer num: 10[0m
[0;32mI (617) wifi:Init dynamic rx buffer num: 32[0m
[0;32mI (617) wifi_init: rx ba win: 6[0m
[0;32mI (627) wifi_init: tcpip mbox: 32[0m
[0;32mI (627) wifi_init: udp mbox: 6[0m
[0;32mI (627) wifi_init: tcp mbox: 6[0m
[0;32mI (637) wifi_init: tcp tx win: 5760[0m
[0;32mI (637) wifi_init: tcp rx win: 5760[0m
[0;32mI (647) wifi_init: tcp mss: 1440[0m
[0;32mI (647) wifi_init: WiFi IRAM OP enabled[0m
[0;32mI (647) wifi_init: WiFi RX IRAM OP enabled[0m
[0;33mW (657) wifi:Password length matches WPA2 standards, authmode threshold changes from OPEN to WPA2[0m
[0;32mI (667) phy_init: phy_version 4840,a40f0ac,Aug 16 2024,16:48:06[0m
[0;32mI (747) wifi:mode : sta (58:bf:25:a1:2a:4c)[0m
[0;32mI (747) wifi:enable tsf[0m
[0;32mI (767) wifi:new:<1,1>, old:<1,0>, ap:<255,255>, sta:<1,1>, prof:1[0m
[0;32mI (767) wifi:state: init -> auth (b0)[0m
[0;32mI (767) wifi:state: auth -> assoc (0)[0m
[0;32mI (777) wifi:Association refused temporarily time 1500, comeback time 1600 (TUs)[0m
[0;32mI (2417) wifi:state: assoc -> assoc (0)[0m
[0;32mI (2427) wifi:state: assoc -> run (10)[0m
[0;32mI (2447) wifi:connected with ESP32-Access-Point, aid = 1, channel 1, 40U, bssid = c8:c9:a3:c7:a8:cd[0m
[0;32mI (2447) wifi:security: WPA2-PSK, phy: bgn, rssi: -52[0m
[0;32mI (2457) wifi:pm start, type: 1[0m

[0;32mI (2457) wifi:dp: 1, bi: 102400, li: 3, scale listen interval from 307200 us to 307200 us[0m
[0;32mI (2457) wifi:dp: 2, bi: 102400, li: 4, scale listen interval from 307200 us to 409600 us[0m
[0;32mI (2467) wifi:AP's beacon interval = 102400 us, DTIM period = 2[0m
[0;32mI (3477) esp_netif_handlers: sta ip: 192.168.4.2, mask: 255.255.255.0, gw: 192.168.4.1[0m
[0;32mI (3477) ESP32_Client: Connected with IP Address:192.168.4.2[0m
[0;32mI (3487) main_task: Returned from app_main()[0m
[0;32mI (3487) wifi:<ba-add>idx:0 (ifx:0, c8:c9:a3:c7:a8:cd), tid:0, ssn:0, winSize:64[0m
[0;32mI (3737) ESP32_Client: HTTP Status = 200, content_length = 72[0m
[0;32mI (3737) ESP32_Client: Response: [0m
[0;32mI (3737) ESP32_Client: Sensor Data: [0m
[0;32mI (8987) ESP32_Client: HTTP Status = 200, content_length = 72[0m
[0;32mI (8987) ESP32_Client: Response: [0m
[0;32mI (8997) ESP32_Client: Sensor Data: [0m
[0;32mI (14247) ESP32_Client: HTTP Status = 200, content_length = 72[0m
[0;32mI (14247) ESP32_Client: Response: [0m
[0;32mI (14247) ESP32_Client: Sensor Data: [0m
[0;32mI (19487) ESP32_Client: HTTP Status = 200, content_length = 74[0m
[0;32mI (19487) ESP32_Client: Response: [0m
[0;32mI (19497) ESP32_Client: Sensor Data: [0m
[0;32mI (24737) ESP32_Client: HTTP Status = 200, content_length = 74[0m
[0;32mI (24737) ESP32_Client: Response: [0m
[0;32mI (24747) ESP32_Client: Sensor Data: [0m
[0;32mI (29987) ESP32_Client: HTTP Status = 200, content_length = 74[0m
[0;32mI (29987) ESP32_Client: Response: [0m
[0;32mI (29997) ESP32_Client: Sensor Data: [0m
[0;32mI (35237) ESP32_Client: HTTP Status = 200, content_length = 74[0m
[0;32mI (35237) ESP32_Client: Response: [0m
[0;32mI (35247) ESP32_Client: Sensor Data: [0m
[0;32mI (40487) ESP32_Client: HTTP Status = 200, content_length = 73[0m
[0;32mI (40487) ESP32_Client: Response: [0m
[0;32mI (40497) ESP32_Client: Sensor Data: [0m
