 boot: Multicore bootloader[0m
[0;32mI (35) boot: chip revision: vï¿½Size : 2MB[0m
[0;32mI (52) boot: Enabling RNG early entropy source...[0m
[0;32mI (57) boot: Partition Table:[0m
[0;32mI (61) boot: ## Label            Usage          Type ST Offset   Length[0m
[ï¿½ets Jun  8 2016 00:22:57

rst:0x1 (POWERON_RESET),boot:0x13 (SPI_FAST_FLASH_BOOT)
configsip: 0, SPIWP:0xee
clk_drv:0x00,q_drv:0x00,d_drv:0x00,cs0_drv:0x00,hd_drv:0x00,wp_drv:0x00
mode:DIO, clock div:2
load:0x3fff0030,len:7172
load:0x40078000,len:15540
load:0x40080400,len:4
ho 8 tail 4 room 4
load:0x40080404,len:3904
entry 0x40080640
[0;32mI (30) boot: ESP-IDF v5.2.3 2nd stage bootloader[0m
[0;32mI (30) boot: compile time Nov  8 2024 14:03:38[0m
[0;32mI (30) boot: Multicore bootloader[0m
[0;32mI (35) boot: chip revision: v1.0[0m
[0;32mI (38) boot.esp32: SPI Speed      : 40MHz[0m
[0;32mI (43) boot.esp32: SPI Mode       : DIO[0m
[0;32mI (47) boot.esp32: SPI Flash Size : 2MB[0m
[0;32mI (52) boot: Enabling RNG early entropy source...[0m
[0;32mI (57) boot: Partition Table:[0m
[0;32mI (61) boot: ## Label            Usage          Type ST Offset   Length[0m
[0;32mI (68) boot:  0 nvs              WiFi data        01 02 00009000 00006000[0m
[0;32mI (76) boot:  1 phy_init         RF data          01 01 0000f000 00001000[0m
[0;32mI (83) boot:  2 factory          factory app      00 00 00010000 00100000[0m
[0;32mI (91) boot: End of partition table[0m
[0;32mI (95) esp_image: segment 0: paddr=00010020 vaddr=3f400020 size=23714h (145172) map[0m
[0;32mI (153) esp_image: segment 1: paddr=0003373c vaddr=3ffb0000 size=03cdch ( 15580) load[0m
[0;32mI (159) esp_image: segment 2: paddr=00037420 vaddr=40080000 size=08bf8h ( 35832) load[0m
[0;32mI (173) esp_image: segment 3: paddr=00040020 vaddr=400d0020 size=912cch (594636) map[0m
[0;32mI (377) esp_image: segment 4: paddr=000d12f4 vaddr=40088bf8 size=0def8h ( 57080) load[0m
[0;32mI (411) boot: Loaded app from partition at offset 0x10000[0m
[0;32mI (412) boot: Disabling RNG early entropy source...[0m
[0;32mI (423) cpu_start: Multicore app[0m
[0;32mI (432) cpu_start: Pro cpu start user code[0m
[0;32mI (432) cpu_start: cpu freq: 160000000 Hz[0m
[0;32mI (432) cpu_start: Application information:[0m
[0;32mI (435) cpu_start: Project name:     wifi_station[0m
[0;32mI (441) cpu_start: App version:      1[0m
[0;32mI (445) cpu_start: Compile time:     Nov  8 2024 14:01:59[0m
[0;32mI (451) cpu_start: ELF file SHA256:  d33d854c5...[0m
[0;32mI (457) cpu_start: ESP-IDF:          v5.2.3[0m
[0;32mI (461) cpu_start: Min chip rev:     v0.0[0m
[0;32mI (466) cpu_start: Max chip rev:     v3.99 [0m
[0;32mI (471) cpu_start: Chip rev:         v1.0[0m
[0;32mI (476) heap_init: Initializing. RAM available for dynamic allocation:[0m
[0;32mI (483) heap_init: At 3FFAE6E0 len 00001920 (6 KiB): DRAM[0m
[0;32mI (489) heap_init: At 3FFB8330 len 00027CD0 (159 KiB): DRAM[0m
[0;32mI (495) heap_init: At 3FFE0440 len 00003AE0 (14 KiB): D/IRAM[0m
[0;32mI (502) heap_init: At 3FFE4350 len 0001BCB0 (111 KiB): D/IRAM[0m
[0;32mI (508) heap_init: At 40096AF0 len 00009510 (37 KiB): IRAM[0m
[0;32mI (516) spi_flash: detected chip: generic[0m
[0;32mI (519) spi_flash: flash io: dio[0m
[0;33mW (523) spi_flash: Detected size(4096k) larger than the size in the binary image header(2048k). Using the size in the binary image header.[0m
[0;32mI (537) main_task: Started on CPU0[0m
[0;32mI (547) main_task: Calling app_main()[0m
[0;32mI (567) wifi station: ESP_WIFI_MODE_STA[0m
[0;32mI (577) wifi:wifi driver task: 3ffc0200, prio:23, stack:6656, core=0[0m
[0;32mI (587) wifi:wifi firmware version: 82f54d2[0m
[0;32mI (587) wifi:wifi certification version: v7.0[0m
[0;32mI (587) wifi:config NVS flash: enabled[0m
[0;32mI (587) wifi:config nano formating: disabled[0m
[0;32mI (587) wifi:Init data frame dynamic rx buffer num: 32[0m
[0;32mI (597) wifi:Init static rx mgmt buffer num: 5[0m
[0;32mI (597) wifi:Init management short buffer num: 32[0m
[0;32mI (607) wifi:Init dynamic tx buffer num: 32[0m
[0;32mI (607) wifi:Init static rx buffer size: 1600[0m
[0;32mI (607) wifi:Init static rx buffer num: 10[0m
[0;32mI (617) wifi:Init dynamic rx buffer num: 32[0m
[0;32mI (617) wifi_init: rx ba win: 6[0m
[0;32mI (627) wifi_init: tcpip mbox: 32[0m
[0;32mI (627) wifi_init: udp mbox: 6[0m
[0;32mI (627) wifi_init: tcp mbox: 6[0m
[0;32mI (637) wifi_init: tcp tx win: 5760[0m
[0;32mI (637) wifi_init: tcp rx win: 5760[0m
[0;32mI (647) wifi_init: tcp mss: 1440[0m
[0;32mI (647) wifi_init: WiFi IRAM OP enabled[0m
[0;32mI (647) wifi_init: WiFi RX IRAM OP enabled[0m
[0;32mI (657) phy_init: phy_version 4840,a40f0ac,Aug 16 2024,16:48:06[0m
[0;32mI (737) wifi:mode : sta (58:bf:25:a1:2a:4c)[0m
[0;32mI (737) wifi:enable tsf[0m
[0;32mI (747) wifi station: wifi_init_sta finished.[0m
[0;32mI (757) wifi:new:<1,1>, old:<1,0>, ap:<255,255>, sta:<1,1>, prof:1[0m
[0;32mI (757) wifi:state: init -> auth (b0)[0m
[0;32mI (767) wifi:state: auth -> assoc (0)[0m
[0;32mI (777) wifi:Association refused temporarily time 1500, comeback time 1600 (TUs)[0m
[0;32mI (2417) wifi:state: assoc -> assoc (0)[0m
[0;32mI (2427) wifi:state: assoc -> run (10)[0m
[0;32mI (2437) wifi:connected with ESP32-Access-Point, aid = 1, channel 1, 40U, bssid = c8:c9:a3:c7:a8:cd[0m
[0;32mI (2447) wifi:security: WPA2-PSK, phy: bgn, rssi: -74[0m
[0;32mI (2447) wifi:pm start, type: 1[0m

[0;32mI (2447) wifi:dp: 1, bi: 102400, li: 3, scale listen interval from 307200 us to 307200 us[0m
[0;32mI (2507) wifi:dp: 2, bi: 102400, li: 4, scale listen interval from 307200 us to 409600 us[0m
[0;32mI (2507) wifi:AP's beacon interval = 102400 us, DTIM period = 2[0m
[0;32mI (3457) esp_netif_handlers: sta ip: 192.168.4.2, mask: 255.255.255.0, gw: 192.168.4.1[0m
[0;32mI (3457) wifi station: got ip:192.168.4.2[0m
[0;32mI (3457) wifi station: connected to ap SSID:ESP32-Access-Point password:joaquinsalas[0m
[0;32mI (3467) wifi station: Requesting sensor data from ESP32 server...[0m
[0;31mE (3477) esp-tls: [sock=54] delayed connect error: Connection reset by peer[0m
[0;31mE (3477) transport_base: Failed to open a new connection: 32772[0m
[0;31mE (3487) HTTP_CLIENT: Connection failed, sock < 0[0m
[0;31mE (3497) wifi station: HTTP GET request failed: ESP_ERR_HTTP_CONNECT[0m
[0;31mE (3507) esp-tls: [sock=54] delayed connect error: Connection reset by peer[0m
[0;31mE (3507) transport_base: Failed to open a new connection: 32772[0m
[0;31mE (3517) HTTP_CLIENT: Connection failed, sock < 0[0m
[0;31mE (3517) wifi station: HTTP GET request failed: ESP_ERR_HTTP_CONNECT[0m
[0;31mE (3537) esp-tls: [sock=54] delayed connect error: Connection reset by peer[0m
[0;31mE (3537) transport_base: Failed to open a new connection: 32772[0m
[0;31mE (3537) HTTP_CLIENT: Connection failed, sock < 0[0m
[0;31mE (3547) wifi station: HTTP GET request failed: ESP_ERR_HTTP_CONNECT[0m
