boot: Multicore bootloader[0m
[0;32mI (34) boot: chip revision: v1.ï¿½Kï¿½ï¿½: 2MB[0m
[0;32mI (52) boot: Enabling RNG early entropy source...[0m
[0;32mI (57) boot: Partition Table:[0m
[0;32mI (61) boot: ## Label            Usage          Type ST Offset   Length[0m
[0;3ets Jun  8 2016 00:22:57

rst:0x1 (POWERON_RESET),boot:0x13 (SPI_FAST_FLASH_BOOT)
configsip: 0, SPIWP:0xee
clk_drv:0x00,q_drv:0x00,d_drv:0x00,cs0_drv:0x00,hd_drv:0x00,wp_drv:0x00
mode:DIO, clock div:2
load:0x3fff0030,len:7172
load:0x40078000,len:15540
load:0x40080400,len:4
ho 8 tail 4 room 4
load:0x40080404,len:3904
entry 0x40080640
[0;32mI (30) boot: ESP-IDF v5.2.3 2nd stage bootloader[0m
[0;32mI (30) boot: compile time Nov  8 2024 14:03:38[0m
[0;32mI (30) boot: Multicore bootloader[0m
[0;32mI (34) boot: chip revision: v1.0[0m
[0;32mI (38) boot.esp32: SPI Speed      : 40MHz[0m
[0;32mI (43) boot.esp32: SPI Mode       : DIO[0m
[0;32mI (47) boot.esp32: SPI Flash Size : 2MB[0m
[0;32mI (52) boot: Enabling RNG early entropy source...[0m
[0;32mI (57) boot: Partition Table:[0m
[0;32mI (61) boot: ## Label            Usage          Type ST Offset   Length[0m
[0;32mI (68) boot:  0 nvs              WiFi data        01 02 00009000 00006000[0m
[0;32mI (76) boot:  1 phy_init         RF data          01 01 0000f000 00001000[0m
[0;32mI (83) boot:  2 factory          factory app      00 00 00010000 00100000[0m
[0;32mI (91) boot: End of partition table[0m
[0;32mI (95) esp_image: segment 0: paddr=00010020 vaddr=3f400020 size=1fcdch (130268) map[0m
[0;32mI (148) esp_image: segment 1: paddr=0002fd04 vaddr=3ffb0000 size=00314h (   788) load[0m
[0;32mI (149) esp_image: segment 2: paddr=00030020 vaddr=400d0020 size=80888h (526472) map[0m
[0;32mI (334) esp_image: segment 3: paddr=000b08b0 vaddr=3ffb0314 size=039a8h ( 14760) load[0m
[0;32mI (340) esp_image: segment 4: paddr=000b4260 vaddr=40080000 size=17998h ( 96664) load[0m
[0;32mI (390) boot: Loaded app from partition at offset 0x10000[0m
[0;32mI (390) boot: Disabling RNG early entropy source...[0m
[0;32mI (401) cpu_start: Multicore app[0m
[0;32mI (410) cpu_start: Pro cpu start user code[0m
[0;32mI (410) cpu_start: cpu freq: 160000000 Hz[0m
[0;32mI (411) cpu_start: Application information:[0m
[0;32mI (413) cpu_start: Project name:     wifi_station[0m
[0;32mI (419) cpu_start: App version:      1[0m
[0;32mI (423) cpu_start: Compile time:     Nov  8 2024 14:01:59[0m
[0;32mI (429) cpu_start: ELF file SHA256:  f82a95467...[0m
[0;32mI (435) cpu_start: ESP-IDF:          v5.2.3[0m
[0;32mI (440) cpu_start: Min chip rev:     v0.0[0m
[0;32mI (444) cpu_start: Max chip rev:     v3.99 [0m
[0;32mI (449) cpu_start: Chip rev:         v1.0[0m
[0;32mI (454) heap_init: Initializing. RAM available for dynamic allocation:[0m
[0;32mI (461) heap_init: At 3FFAE6E0 len 00001920 (6 KiB): DRAM[0m
[0;32mI (467) heap_init: At 3FFB7D50 len 000282B0 (160 KiB): DRAM[0m
[0;32mI (473) heap_init: At 3FFE0440 len 00003AE0 (14 KiB): D/IRAM[0m
[0;32mI (480) heap_init: At 3FFE4350 len 0001BCB0 (111 KiB): D/IRAM[0m
[0;32mI (486) heap_init: At 40097998 len 00008668 (33 KiB): IRAM[0m
[0;32mI (494) spi_flash: detected chip: generic[0m
[0;32mI (497) spi_flash: flash io: dio[0m
[0;33mW (501) spi_flash: Detected size(4096k) larger than the size in the binary image header(2048k). Using the size in the binary image header.[0m
[0;32mI (515) main_task: Started on CPU0[0m
[0;32mI (525) main_task: Calling app_main()[0m
[0;32mI (545) TCP_SOCKET_CLIENT: ESP_WIFI_MODE_STA[0m
[0;32mI (555) wifi:wifi driver task: 3ffbfc20, prio:23, stack:6656, core=0[0m
[0;32mI (565) wifi:wifi firmware version: 82f54d2[0m
[0;32mI (565) wifi:wifi certification version: v7.0[0m
[0;32mI (565) wifi:config NVS flash: enabled[0m
[0;32mI (565) wifi:config nano formating: disabled[0m
[0;32mI (565) wifi:Init data frame dynamic rx buffer num: 32[0m
[0;32mI (575) wifi:Init static rx mgmt buffer num: 5[0m
[0;32mI (575) wifi:Init management short buffer num: 32[0m
[0;32mI (585) wifi:Init dynamic tx buffer num: 32[0m
[0;32mI (585) wifi:Init static rx buffer size: 1600[0m
[0;32mI (585) wifi:Init static rx buffer num: 10[0m
[0;32mI (595) wifi:Init dynamic rx buffer num: 32[0m
[0;32mI (595) wifi_init: rx ba win: 6[0m
[0;32mI (605) wifi_init: tcpip mbox: 32[0m
[0;32mI (605) wifi_init: udp mbox: 6[0m
[0;32mI (605) wifi_init: tcp mbox: 6[0m
[0;32mI (615) wifi_init: tcp tx win: 5760[0m
[0;32mI (615) wifi_init: tcp rx win: 5760[0m
[0;32mI (625) wifi_init: tcp mss: 1440[0m
[0;32mI (625) wifi_init: WiFi IRAM OP enabled[0m
[0;32mI (625) wifi_init: WiFi RX IRAM OP enabled[0m
[0;33mW (635) wifi:Password length matches WPA2 standards, authmode threshold changes from OPEN to WPA2[0m
[0;32mI (645) phy_init: phy_version 4840,a40f0ac,Aug 16 2024,16:48:06[0m
[0;32mI (725) wifi:mode : sta (58:bf:25:a1:2a:[0;32mI (735) uart: queue free spaces: 10[0m[0m
[0;31mE (735) uart: uart_write_bytes(1461): uart driver error[0m
[0;32mI (745) wifi:new:<1,1>, old:<1,0>, ap:<255,255>, sta:<1,1>, prof:1[0m
[0;32mI (745) wifi:state: init -> auth (b0)[0m
[0;32mI (745) wifi:state: auth -> assoc (0)[0m
[0;32mI (755) wifi:Association refused temporarily time 1500, comeback time 1600 (TUs)[0m
[0;32mI (2395) wifi:state: assoc -> assoc (0)[0m
[0;32mI (2405) wifi:state: assoc -> run (10)[0m
[0;32mI (2425) wifi:connected with ESP32-Access-Point, aid = 1, channel 1, 40U, bssid = c8:c9:a3:c7:a8:cd[0m
[0;32mI (2425) wifi:security: WPA2-PSK, phy: bgn, rssi: -50[0m
[0;32mI (2435) wifi:pm start, type: 1[0m

[0;32mI (2435) wifi:dp: 1, bi: 102400, li: 3, scale listen interval from 307200 us to 307200 us[0m
[0;32mI (2495) wifi:dp: 2, bi: 102400, li: 4, scale listen interval from 307200 us to 409600 us[0m
[0;32mI (2495) wifi:AP's beacon interval = 102400 us, DTIM period = 2[0m
[0;32mI (3445) esp_netif_handlers: sta ip: 192.168.4.2, mask: 255.255.255.0, gw: 192.168.4.1[0m
[0;32mI (3445) TCP_SOCKET_CLIENT: Connected with IP Address:192.168.4.2[0m
[0;32mI (3445) wifi:<ba-add>idx:0 (ifx:0, c8:c9:a3:c7:a8:cd), tid:0, ssn:0, winSize:64[0m
[0;32mI (3455) TCP_SOCKET_CLIENT: Socket created, connecting to 192.168.4.1:3333[0m
[0;32mI (3455) main_task: Returned from app_main()[0m
[0;32mI (3475) TCP_SOCKET_CLIENT: Successfully connected[0m
[0;32mI (6905) TCP_SOCKET_CLIENT: Received data: Temp:77.28,Humidity:0.00,NH3:79.72,H2S:18.47,CO2:3678.83,CH4:213.86[0m
[0;32mI (6905) TCP_SOCKET_CLIENT: Parsed Data - Temp: 77.28, Humidity: 0.00, NH3: 79.72, H2S: 18.47, CO2: 3678.83, CH4: 213.86[0m
[0;31mE (6915) uart: uart_write_bytes(1461): uart driver error[0m
[0;32mI (12025) TCP_SOCKET_CLIENT: Received data: Temp:77.28,Humidity:0.00,NH3:194.07,H2S:17.55,CO2:2590.38,CH4:299.76[0m
[0;32mI (12025) TCP_SOCKET_CLIENT: Parsed Data - Temp: 77.28, Humidity: 0.00, NH3: 194.07, H2S: 17.55, CO2: 2590.38, CH4: 299.76[0m
[0;31mE (12035) uart: uart_write_bytes(1461): uart driver error[0m
[0;32mI (17045) TCP_SOCKET_CLIENT: Received data: Temp:77.30,Humidity:0.00,NH3:103.25,H2S:3.61,CO2:1971.59,CH4:411.82[0m
[0;32mI (17045) TCP_SOCKET_CLIENT: Parsed Data - Temp: 77.30, Humidity: 0.00, NH3: 103.25, H2S: 3.61, CO2: 1971.59, CH4: 411.82[0m
[0;31mE (17055) uart: uart_write_bytes(1461): uart driver error[0m
[0;32mI (22055) TCP_SOCKET_CLIENT: Received data: Temp:77.34,Humidity:0.00,NH3:64.19,H2S:0.81,CO2:2495.47,CH4:100.47[0m
[0;32mI (22055) TCP_SOCKET_CLIENT: Parsed Data - Temp: 77.34, Humidity: 0.00, NH3: 64.19, H2S: 0.81, CO2: 2495.47, CH4: 100.47[0m
[0;31mE (22065) uart: uart_write_bytes(1461): uart driver error[0m
[0;32mI (27065) TCP_SOCKET_CLIENT: Received data: Temp:77.34,Humidity:0.00,NH3:61.20,H2S:18.15,CO2:3650.74,CH4:238.41[0m
[0;32mI (27065) TCP_SOCKET_CLIENT: Parsed Data - Temp: 77.34, Humidity: 0.00, NH3: 61.20, H2S: 18.15, CO2: 3650.74, CH4: 238.41[0m
[0;31mE (27075) uart: uart_write_bytes(1461): uart driver error[0m
[0;32mI (32075) TCP_SOCKET_CLIENT: Received data: Temp:77.32,Humidity:0.00,NH3:103.90,H2S:2.70,CO2:4562.69,CH4:302.47[0m
[0;32mI (32075) TCP_SOCKET_CLIENT: Parsed Data - Temp: 77.32, Humidity: 0.00, NH3: 103.90, H2S: 2.70, CO2: 4562.69, CH4: 302.47[0m
[0;31mE (32085) uart: uart_write_bytes(1461): uart driver error[0m
[0;32mI (37085) TCP_SOCKET_CLIENT: Received data: Temp:77.34,Humidity:0.00,NH3:117.37,H2S:12.28,CO2:4848.80,CH4:411.91[0m
[0;32mI (37085) TCP_SOCKET_CLIENT: Parsed Data - Temp: 77.34, Humidity: 0.00, NH3: 117.37, H2S: 12.28, CO2: 4848.80, CH4: 411.91[0m
[0;31mE (37095) uart: uart_write_bytes(1461): uart driver error[0m
[0;32mI (42095) TCP_SOCKET_CLIENT: Received data: Temp:77.32,Humidity:0.00,NH3:19.82,H2S:12.54,CO2:2314.52,CH4:422.13[0m
[0;32mI (42095) TCP_SOCKET_CLIENT: Parsed Data - Temp: 77.32, Humidity: 0.00, NH3: 19.82, H2S: 12.54, CO2: 2314.52, CH4: 422.13[0m
[0;31mE (42105) uart: uart_write_bytes(1461): uart driver error[0m
[0;32mI (47105) TCP_SOCKET_CLIENT: Received data: Temp:77.34,Humidity:0.00,NH3:184.06,H2S:2.90,CO2:3854.79,CH4:115.67[0m
[0;32mI (47105) TCP_SOCKET_CLIENT: Parsed Data - Temp: 77.34, Humidity: 0.00, NH3: 184.06, H2S: 2.90, CO2: 3854.79, CH4: 115.67[0m
[0;31mE (47115) uart: uart_write_bytes(1461): uart driver error[0m
[0;32mI (52115) TCP_SOCKET_CLIENT: Received data: Temp:77.32,Humidity:0.00,NH3:111.06,H2S:8.71,CO2:2177.47,CH4:322.25[0m
[0;32mI (52115) TCP_SOCKET_CLIENT: Parsed Data - Temp: 77.32, Humidity: 0.00, NH3: 111.06, H2S: 8.71, CO2: 2177.47, CH4: 322.25[0m
[0;31mE (52125) uart: uart_write_bytes(1461): uart driver error[0m
[0;32mI (57125) TCP_SOCKET_CLIENT: Received data: Temp:77.34,Humidity:0.00,NH3:128.15,H2S:4.43,CO2:887.90,CH4:393.64[0m
[0;32mI (57125) TCP_SOCKET_CLIENT: Parsed Data - Temp: 77.34, Humidity: 0.00, NH3: 128.15, H2S: 4.43, CO2: 887.90, CH4: 393.64[0m
[0;31mE (57135) uart: uart_write_bytes(1461): uart driver error[0m
[0;32mI (62135) TCP_SOCKET_CLIENT: Received data: Temp:77.34,Humidity:0.00,NH3:197.11,H2S:9.48,CO2:3415.32,CH4:15.65[0m
[0;32mI (62135) TCP_SOCKET_CLIENT: Parsed Data - Temp: 77.34, Humidity: 0.00, NH3: 197.11, H2S: 9.48, CO2: 3415.32, CH4: 15.65[0m
[0;31mE (62145) uart: uart_write_bytes(1461): uart driver error[0m
[0;32mI (67145) TCP_SOCKET_CLIENT: Received data: Temp:77.38,Humidity:0.00,NH3:117.65,H2S:2.11,CO2:4492.10,CH4:127.91[0m
[0;32mI (67145) TCP_SOCKET_CLIENT: Parsed Data - Temp: 77.38, Humidity: 0.00, NH3: 117.65, H2S: 2.11, CO2: 4492.10, CH4: 127.91[0m
[0;31mE (67155) uart: uart_write_bytes(1461): uart driver error[0m
