
[0;32mI (44) boot.esp32: SPI Mode       : DIO[0m
[0;32mI (48) boot.eï¿½ï¿½ï¿½ï¿½ï¿½ ## Label            Usage          Type ST Offset   Length[0m
[0;32mI (69) boot:  0 nvs              WiFi data        01 02 00009000 00006000[0m
[0;32mI (76) boot:  1 phy_init         RF data    ï¿½ets Jun  8 2016 00:22:57

rst:0x1 (POWERON_RESET),boot:0x13 (SPI_FAST_FLASH_BOOT)
configsip: 0, SPIWP:0xee
clk_drv:0x00,q_drv:0x00,d_drv:0x00,cs0_drv:0x00,hd_drv:0x00,wp_drv:0x00
mode:DIO, clock div:2
load:0x3fff0030,len:7172
load:0x40078000,len:15540
load:0x40080400,len:4
ho 8 tail 4 room 4
load:0x40080404,len:3904
entry 0x40080640
[0;32mI (31) boot: ESP-IDF v5.2.3 2nd stage bootloader[0m
[0;32mI (31) boot: compile time Oct  8 2024 19:40:23[0m
[0;32mI (31) boot: Multicore bootloader[0m
[0;32mI (35) boot: chip revision: v1.0[0m
[0;32mI (39) boot.esp32: SPI Speed      : 40MHz[0m
[0;32mI (43) boot.esp32: SPI Mode       : DIO[0m
[0;32mI (48) boot.esp32: SPI Flash Size : 2MB[0m
[0;32mI (53) boot: Enabling RNG early entropy source...[0m
[0;32mI (58) boot: Partition Table:[0m
[0;32mI (61) boot: ## Label            Usage          Type ST Offset   Length[0m
[0;32mI (69) boot:  0 nvs              WiFi data        01 02 00009000 00006000[0m
[0;32mI (76) boot:  1 phy_init         RF data          01 01 0000f000 00001000[0m
[0;32mI (84) boot:  2 factory          factory app      00 00 00010000 00100000[0m
[0;32mI (91) boot: End of partition table[0m
[0;32mI (95) esp_image: segment 0: paddr=00010020 vaddr=3f400020 size=211d0h (135632) map[0m
[0;32mI (150) esp_image: segment 1: paddr=000311f8 vaddr=3ffb0000 size=03cdch ( 15580) load[0m
[0;32mI (156) esp_image: segment 2: paddr=00034edc vaddr=40080000 size=0b13ch ( 45372) load[0m
[0;32mI (174) esp_image: segment 3: paddr=00040020 vaddr=400d0020 size=8ac80h (568448) map[0m
[0;32mI (369) esp_image: segment 4: paddr=000caca8 vaddr=4008b13c size=0ba0ch ( 47628) load[0m
[0;32mI (400) boot: Loaded app from partition at offset 0x10000[0m
[0;32mI (400) boot: Disabling RNG early entropy source...[0m
[0;32mI (411) cpu_start: Multicore app[0m
[0;32mI (420) cpu_start: Pro cpu start user code[0m
[0;32mI (421) cpu_start: cpu freq: 160000000 Hz[0m
[0;32mI (421) cpu_start: Application information:[0m
[0;32mI (424) cpu_start: Project name:     hello_world[0m
[0;32mI (429) cpu_start: App version:      1[0m
[0;32mI (433) cpu_start: Compile time:     Oct  8 2024 19:40:20[0m
[0;32mI (439) cpu_start: ELF file SHA256:  c27676902...[0m
[0;32mI (445) cpu_start: ESP-IDF:          v5.2.3[0m
[0;32mI (450) cpu_start: Min chip rev:     v0.0[0m
[0;32mI (454) cpu_start: Max chip rev:     v3.99 [0m
[0;32mI (459) cpu_start: Chip rev:         v1.0[0m
[0;32mI (464) heap_init: Initializing. RAM available for dynamic allocation:[0m
[0;32mI (471) heap_init: At 3FFAE6E0 len 00001920 (6 KiB): DRAM[0m
[0;32mI (477) heap_init: At 3FFB7DB8 len 00028248 (160 KiB): DRAM[0m
[0;32mI (483) heap_init: At 3FFE0440 len 00003AE0 (14 KiB): D/IRAM[0m
[0;32mI (490) heap_init: At 3FFE4350 len 0001BCB0 (111 KiB): D/IRAM[0m
[0;32mI (496) heap_init: At 40096B48 len 000094B8 (37 KiB): IRAM[0m
[0;32mI (504) spi_flash: detected chip: generic[0m
[0;32mI (507) spi_flash: flash io: dio[0m
[0;33mW (511) spi_flash: Detected size(4096k) larger than the size in the binary image header(2048k). Using the size in the binary image header.[0m
[0;32mI (525) main_task: Started on CPU0[0m
[0;32mI (535) main_task: Calling app_main()[0m
ESP_ERROR_CHECK failed: esp_err_t 0x103 (ESP_ERR_INVALID_STATE) at 0x400df1a1
file: "/IDF/components/esp_wifi/src/wifi_default.c" line 391
func: esp_netif_create_default_wifi_sta
expression: esp_wifi_set_default_wifi_sta_handlers()

abort() was called at PC 0x4008942f on core 0


Backtrace: 0x400817f6:0x3ffb9db0 0x40089439:0x3ffb9dd0 0x40090985:0x3ffb9df0 0x4008942f:0x3ffb9e60 0x400df1a1:0x3ffb9e90 0x400d6567:0x3ffb9ec0 0x400d66f2:0x3ffba090 0x40158cd3:0x3ffba0b0 0x40089f85:0x3ffba0e0




ELF file SHA256: c27676902

Rebooting...
ets Jun  8 2016 00:22:57

rst:0xc (SW_CPU_RESET),boot:0x13 (SPI_FAST_FLASH_BOOT)
configsip: 0, SPIWP:0xee
clk_drv:0x00,q_drv:0x00,d_drv:0x00,cs0_drv:0x00,hd_drv:0x00,wp_drv:0x00
mode:DIO, clock div:2
load:0x3fff0030,len:7172
load:0x40078000,len:15540
load:0x40080400,len:4
ho 8 tail 4 room 4
load:0x40080404,len:3904
entry 0x40080640
[0;32mI (30) boot: ESP-IDF v5.2.3 2nd stage bootloader[0m
[0;32mI (31) boot: compile time Oct  8 2024 19:40:23[0m
[0;32mI (31) boot: Multicore bootloader[0m
[0;32mI (35) boot: chip revision: v1.0[0m
[0;32mI (39) boot.esp32: SPI Speed      : 40MHz[0m
[0;32mI (44) boot.esp32: SPI Mode       : DIO[0m
[0;32mI (48) boot.esp32: SPI Flash Size : 2MB[0m
[0;32mI (53) boot: Enabling RNG early entropy source...[0m
[0;32mI (58) boot: Partition Table:[0m
[0;32mI (62) boot: ## Label            Usage          Type ST Offset   Length[0m
[0;32mI (69) boot:  0 nvs              WiFi data        01 02 00009000 00006000[0m
[0;32mI (76) boot:  1 phy_init         RF data          01 01 0000f000 00001000[0m
[0;32mI (84) boot:  2 factory          factory app      00 00 00010000 00100000[0m
[0;32mI (91) boot: End of partition table[0m
[0;32mI (96) esp_image: segment 0: paddr=00010020 vaddr=3f400020 size=211d0h (135632) map[0m
[0;32mI (150) esp_image: segment 1: paddr=000311f8 vaddr=3ffb0000 size=03cdch ( 15580) load[0m
[0;32mI (157) esp_image: segment 2: paddr=00034edc vaddr=40080000 size=0b13ch ( 45372) load[0m
[0;32mI (174) esp_image: segment 3: paddr=00040020 vaddr=400d0020 size=8ac80h (568448) map[0m
[0;32mI (369) esp_image: segment 4: paddr=000caca8 vaddr=4008b13c size=0ba0ch ( 47628) load[0m
[0;32mI (400) boot: Loaded app from partition at offset 0x10000[0m
[0;32mI (400) boot: Disabling RNG early entropy source...[0m
[0;32mI (411) cpu_start: Multicore app[0m
[0;32mI (421) cpu_start: Pro cpu start user code[0m
[0;32mI (421) cpu_start: cpu freq: 160000000 Hz[0m
[0;32mI (421) cpu_start: Application information:[0m
[0;32mI (424) cpu_start: Project name:     hello_world[0m
[0;32mI (429) cpu_start: App version:      1[0m
[0;32mI (433) cpu_start: Compile time:     Oct  8 2024 19:40:20[0m
[0;32mI (440) cpu_start: ELF file SHA256:  c27676902...[0m
[0;32mI (445) cpu_start: ESP-IDF:          v5.2.3[0m
[0;32mI (450) cpu_start: Min chip rev:     v0.0[0m
[0;32mI (454) cpu_start: Max chip rev:     v3.99 [0m
[0;32mI (459) cpu_start: Chip rev:         v1.0[0m
[0;32mI (464) heap_init: Initializing. RAM available for dynamic allocation:[0m
[0;32mI (471) heap_init: At 3FFAE6E0 len 00001920 (6 KiB): DRAM[0m
[0;32mI (477) heap_init: At 3FFB7DB8 len 00028248 (160 KiB): DRAM[0m
[0;32mI (484) heap_init: At 3FFE0440 len 00003AE0 (14 KiB): D/IRAM[0m
[0;32mI (490) heap_init: At 3FFE4350 len 0001BCB0 (111 KiB): D/IRAM[0m
[0;32mI (496) heap_init: At 40096B48 len 000094B8 (37 KiB): IRAM[0m
[0;32mI (504) spi_flash: detected chip: generic[0m
[0;32mI (507) spi_flash: flash io: dio[0m
[0;33mW (511) spi_flash: Detected size(4096k) larger than the size in the binary image header(2048k). Using the size in the binary image header.[0m
[0;32mI (525) main_task: Started on CPU0[0m
[0;32mI (535) main_task: Calling app_main()[0m
ESP_ERROR_CHECK failed: esp_err_t 0x103 (ESP_ERR_INVALID_STATE) at 0x400df1a1
file: "/IDF/components/esp_wifi/src/wifi_default.c" line 391
func: esp_netif_create_default_wifi_sta
expression: esp_wifi_set_default_wifi_sta_handlers()

abort() was called at PC 0x4008942f on core 0


Backtrace: 0x400817f6:0x3ffb9db0 0x40089439:0x3ffb9dd0 0x40090985:0x3ffb9df0 0x4008942f:0x3ffb9e60 0x400df1a1:0x3ffb9e90 0x400d6567:0x3ffb9ec0 0x400d66f2:0x3ffba090 0x40158cd3:0x3ffba0b0 0x40089f85:0x3ffba0e0




ELF file SHA256: c27676902

Rebooting...
ets Jun  8 2016 00:22:57

rst:0xc (SW_CPU_RESET),boot:0x13 (SPI_FAST_FLASH_BOOT)
configsip: 0, SPIWP:0xee
clk_drv:0x00,q_drv:0x00,d_drv:0x00,cs0_drv:0x00,hd_drv:0x00,wp_drv:0x00
mode:DIO, clock div:2
load:0x3fff0030,len:7172
load:0x40078000,len:15540
load:0x40080400,len:4
ho 8 tail 4 room 4
load:0x40080404,len:3904
entry 0x40080640
[0;32mI (30) boot: ESP-IDF v5.2.3 2nd stage bootloader[0m
[0;32mI (31) boot: compile time Oct  8 2024 19:40:23[0m
[0;32mI (31) boot: Multicore bootloader[0m
[0;32mI (35) boot: chip revision: v1.0[0m
[0;32mI (39) boot.esp32: SPI Speed      : 40MHz[0m
[0;32mI (44) boot.esp32: SPI Mode       : DIO[0m
[0;32mI (48) boot.esp32: SPI Flash Size : 2MB[0m
[0;32mI (53) boot: Enabling RNG early entropy source...[0m
[0;32mI (58) boot: Partition Table:[0m
[0;32mI (62) boot: ## Label            Usage          Type ST Offset   Length[0m
[0;32mI (69) boot:  0 nvs              WiFi data        01 02 00009000 00006000[0m
[0;32mI (76) boot:  1 phy_init         RF data          01 01 0000f000 00001000[0m
[0;32mI (84) boot:  2 factory          factory app      00 00 00010000 00100000[0m
[0;32mI (91) boot: End of partition table[0m
[0;32mI (96) esp_image: segment 0: paddr=00010020 vaddr=3f400020 size=211d0h (135632) map[0m
[0;32mI (150) esp_image: segment 1: paddr=000311f8 vaddr=3ffb0000 size=03cdch ( 15580) load[0m
[0;32mI (157) esp_image: segment 2: paddr=00034edc vaddr=40080000 size=0b13ch ( 45372) load[0m
[0;32mI (174) esp_image: segment 3: paddr=00040020 vaddr=400d0020 size=8ac80h (568448) map[0m
[0;32mI (369) esp_image: segment 4: paddr=000caca8 vaddr=4008b13c size=0ba0ch ( 47628) load[0m
[0;32mI (400) boot: Loaded app from partition at offset 0x10000[0m
[0;32mI (400) boot: Disabling RNG early entropy source...[0m
[0;32mI (411) cpu_start: Multicore app[0m
[0;32mI (421) cpu_start: Pro cpu start user code[0m
[0;32mI (421) cpu_start: cpu freq: 160000000 Hz[0m
[0;32mI (421) cpu_start: Application information:[0m
[0;32mI (424) cpu_start: Project name:     hello_world[0m
[0;32mI (429) cpu_start: App version:      1[0m
[0;32mI (433) cpu_start: Compile time:     Oct  8 2024 19:40:20[0m
[0;32mI (440) cpu_start: ELF file SHA256:  c27676902...[0m
[0;32mI (445) cpu_start: ESP-IDF:          v5.2.3[0m
[0;32mI (450) cpu_start: Min chip rev:     v0.0[0m
[0;32mI (454) cpu_start: Max chip rev:     v3.99 [0m
[0;32mI (459) cpu_start: Chip rev:         v1.0[0m
[0;32mI (464) heap_init: Initializing. RAM available for dynamic allocation:[0m
[0;32mI (471) heap_init: At 3FFAE6E0 len 00001920 (6 KiB): DRAM[0m
[0;32mI (477) heap_init: At 3FFB7DB8 len 00028248 (160 KiB): DRAM[0m
[0;32mI (484) heap_init: At 3FFE0440 len 00003AE0 (14 KiB): D/IRAM[0m
[0;32mI (490) heap_init: At 3FFE4350 len 0001BCB0 (111 KiB): D/IRAM[0m
[0;32mI (496) heap_init: At 40096B48 len 000094B8 (37 KiB): IRAM[0m
[0;32mI (504) spi_flash: detected chip: generic[0m
[0;32mI (507) spi_flash: flash io: dio[0m
[0;33mW (511) spi_flash: Detected size(4096k) larger than the size in the binary image header(2048k). Using the size in the binary image header.[0m
[0;32mI (525) main_task: Started on CPU0[0m
[0;32mI (535) main_task: Calling app_main()[0m
ESP_ERROR_CHECK failed: esp_err_t 0x103 (ESP_ERR_INVALID_STATE) at 0x400df1a1
file: "/IDF/components/esp_wifi/src/wifi_default.c" line 391
func: esp_netif_create_default_wifi_sta
expression: esp_wifi_set_default_wifi_sta_handlers()

abort() was called at PC 0x4008942f on core 0


Backtrace: 0x400817f6:0x3ffb9db0 0x40089439:0x3ffb9dd0 0x40090985:0x3ffb9df0 0x4008942f:0x3ffb9e60 0x400df1a1:0x3ffb9e90 0x400d6567:0x3ffb9ec0 0x400d66f2:0x3ffba090 0x40158cd3:0x3ffba0b0 0x40089f85:0x3ffba0e0




ELF file SHA256: c27676902

Rebooting...
ets Jun  8 2016 00:22:57

rst:0xc (SW_CPU_RESET),boot:0x13 (SPI_FAST_FLASH_BOOT)
configsip: 0, SPIWP:0xee
clk_drv:0x00,q_drv:0x00,d_drv:0x00,cs0_drv:0x00,hd_drv:0x00,wp_drv:0x00
mode:DIO, clock div:2
load:0x3fff0030,len:7172
load:0x40078000,len:15540
load:0x40080400,len:4
ho 8 tail 4 room 4
load:0x40080404,len:3904
entry 0x40080640
[0;32mI (30) boot: ESP-IDF v5.2.3 2nd stage bootloader[0m
[0;32mI (31) boot: compile time Oct  8 2024 19:40:23[0m
[0;32mI (31) boot: Multicore bootloader[0m
[0;32mI (35) boot: chip revision: v1.0[0m
[0;32mI (39) boot.esp32: SPI Speed      : 40MHz[0m
[0;32mI (44) boot.esp32: SPI Mode       : DIO[0m
[0;32mI (48) boot.esp32: SPI Flash Size : 2MB[0m
[0;32mI (53) boot: Enabling RNG early entropy source...[0m
[0;32mI (58) boot: Partition Table:[0m
[0;32mI (62) boot: ## Label            Usage          Type ST Offset   Length[0m
[0;32mI (69) boot:  0 nvs              WiFi data        01 02 00009000 00006000[0m
[0;32mI (76) boot:  1 phy_init         RF data          01 01 0000f000 00001000[0m
[0;32mI (84) boot:  2 factory          factory app      00 00 00010000 00100000[0m
[0;32mI (91) boot: End of partition table[0m
[0;32mI (96) esp_image: segment 0: paddr=00010020 vaddr=3f400020 size=211d0h (135632) map[0m
[0;32mI (150) esp_image: segment 1: paddr=000311f8 vaddr=3ffb0000 size=03cdch ( 15580) load[0m
[0;32mI (157) esp_image: segment 2: paddr=00034edc vaddr=40080000 size=0b13ch ( 45372) load[0m
[0;32mI (174) esp_image: segment 3: paddr=00040020 vaddr=400d0020 size=8ac80h (568448) map[0m
[0;32mI (369) esp_image: segment 4: paddr=000caca8 vaddr=4008b13c size=0ba0ch ( 47628) load[0m
[0;32mI (400) boot: Loaded app from partition at offset 0x10000[0m
[0;32mI (400) boot: Disabling RNG early entropy source...[0m
[0;32mI (411) cpu_start: Multicore app[0m
[0;32mI (421) cpu_start: Pro cpu start user code[0m
[0;32mI (421) cpu_start: cpu freq: 160000000 Hz[0m
[0;32mI (421) cpu_start: Application information:[0m
[0;32mI (424) cpu_start: Project name:     hello_world[0m
[0;32mI (429) cpu_start: App version:      1[0m
[0;32mI (433) cpu_start: Compile time:     Oct  8 2024 19:40:20[0m
[0;32mI (440) cpu_start: ELF file SHA256:  c27676902...[0m
[0;32mI (445) cpu_start: ESP-IDF:          v5.2.3[0m
[0;32mI (450) cpu_start: Min chip rev:     v0.0[0m
[0;32mI (454) cpu_start: Max chip rev:     v3.99 [0m
[0;32mI (459) cpu_start: Chip rev:         v1.0[0m
[0;32mI (464) heap_init: Initializing. RAM available for dynamic allocation:[0m
[0;32mI (471) heap_init: At 3FFAE6E0 len 00001920 (6 KiB): DRAM[0m
[0;32mI (477) heap_init: At 3FFB7DB8 len 00028248 (160 KiB): DRAM[0m
[0;32mI (484) heap_init: At 3FFE0440 len 00003AE0 (14 KiB): D/IRAM[0m
[0;32mI (490) heap_init: At 3FFE4350 len 0001BCB0 (111 KiB): D/IRAM[0m
[0;32mI (496) heap_init: At 40096B48 len 000094B8 (37 KiB): IRAM[0m
[0;32mI (504) spi_flash: detected chip: generic[0m
[0;32mI (507) spi_flash: flash io: dio[0m
[0;33mW (511) spi_flash: Detected size(4096k) larger than the size in the binary image header(2048k). Using the size in the binary image header.[0m
[0;32mI (525) main_task: Started on CPU0[0m
[0;32mI (535) main_task: Calling app_main()[0m
ESP_ERROR_CHECK failed: esp_err_t 0x103 (ESP_ERR_INVALID_STATE) at 0x400df1a1
file: "/IDF/components/esp_wifi/src/wifi_default.c" line 391
func: esp_netif_create_default_wifi_sta
expression: esp_wifi_set_default_wifi_sta_handlers()

abort() was called at PC 0x4008942f on core 0


Backtrace: 0x400817f6:0x3ffb9db0 0x40089439:0x3ffb9dd0 0x40090985:0x3ffb9df0 0x4008942f:0x3ffb9e60 0x400df1a1:0x3ffb9e90 0x400d6567:0x3ffb9ec0 0x400d66f2:0x3ffba090 0x40158cd3:0x3ffba0b0 0x40089f85:0x3ffba0e0




ELF file SHA256: c27676902

Rebooting...
ets Jun  8 2016 00:22:57

rst:0xc (SW_CPU_RESET),boot:0x13 (SPI_FAST_FLASH_BOOT)
configsip: 0, SPIWP:0xee
clk_drv:0x00,q_drv:0x00,d_drv:0x00,cs0_drv:0x00,hd_drv:0x00,wp_drv:0x00
mode:DIO, clock div:2
load:0x3fff0030,len:7172
load:0x40078000,len:15540
load:0x40080400,len:4
ho 8 tail 4 room 4
load:0x40080404,len:3904
entry 0x40080640
[0;32mI (30) boot: ESP-IDF v5.2.3 2nd stage bootloader[0m
[0;32mI (31) boot: compile time Oct  8 2024 19:40:23[0m
[0;32mI (31) boot: Multicore bootloader[0m
[0;32mI (35) boot: chip revision: v1.0[0m
[0;32mI (39) boot.esp32: SPI Speed      : 40MHz[0m
[0;32mI (44) boot.esp32: SPI Mode       : DIO[0m
[0;32mI (48) boot.esp32: SPI Flash Size : 2MB[0m
[0;32mI (53) boot: Enabling RNG early entropy source...[0m
[0;32mI (58) boot: Partition Table:[0m
[0;32mI (62) boot: ## Label            Usage          Type ST Offset   Length[0m
[0;32mI (69) boot:  0 nvs              WiFi data        01 02 00009000 00006000[0m
[0;32mI (76) boot:  1 phy_init         RF data          01 01 0000f000 00001000[0m
[0;32mI (84) boot:  2 factory          factory app      00 00 00010000 00100000[0m
[0;32mI (91) boot: End of partition table[0m
[0;32mI (96) esp_image: segment 0: paddr=00010020 vaddr=3f400020 size=211d0h (135632) map[0m
[0;32mI (150) esp_image: segment 1: paddr=000311f8 vaddr=3ffb0000 size=03cdch ( 15580) load[0m
[0;32mI (157) esp_image: segment 2: paddr=00034edc vaddr=40080000 size=0b13ch ( 45372) load[0m
[0;32mI (174) esp_image: segment 3: paddr=00040020 vaddr=400d0020 size=8ac80h (568448) map[0m
[0;32mI (369) esp_image: segment 4: paddr=000caca8 vaddr=4008b13c size=0ba0ch ( 47628) load[0m
[0;32mI (400) boot: Loaded app from partition at offset 0x10000[0m
[0;32mI (400) boot: Disabling RNG early entropy source...[0m
[0;32mI (411) cpu_start: Multicore app[0m
[0;32mI (421) cpu_start: Pro cpu start user code[0m
[0;32mI (421) cpu_start: cpu freq: 160000000 Hz[0m
[0;32mI (421) cpu_start: Application information:[0m
[0;32mI (424) cpu_start: Project name:     hello_world[0m
[0;32mI (429) cpu_start: App version:      1[0m
[0;32mI (433) cpu_start: Compile time:     Oct  8 2024 19:40:20[0m
[0;32mI (440) cpu_start: ELF file SHA256:  c27676902...[0m
[0;32mI (445) cpu_start: ESP-IDF:          v5.2.3[0m
[0;32mI (450) cpu_start: Min chip rev:     v0.0[0m
[0;32mI (454) cpu_start: Max chip rev:     v3.99 [0m
[0;32mI (459) cpu_start: Chip rev:         v1.0[0m
[0;32mI (464) heap_init: Initializing. RAM available for dynamic allocation:[0m
[0;32mI (471) heap_init: At 3FFAE6E0 len 00001920 (6 KiB): DRAM[0m
[0;32mI (477) heap_init: At 3FFB7DB8 len 00028248 (160 KiB): DRAM[0m
[0;32mI (484) heap_init: At 3FFE0440 len 00003AE0 (14 KiB): D/IRAM[0m
[0;32mI (490) heap_init: At 3FFE4350 len 0001BCB0 (111 KiB): D/IRAM[0m
[0;32mI (496) heap_init: At 40096B48 len 000094B8 (37 KiB): IRAM[0m
[0;32mI (504) spi_flash: detected chip: generic[0m
[0;32mI (507) spi_flash: flash io: dio[0m
[0;33mW (511) spi_flash: Detected size(4096k) larger than the size in the binary image header(2048k). Using the size in the binary image header.[0m
[0;32mI (525) main_task: Started on CPU0[0m
[0;32mI (535) main_task: Calling app_main()[0m
ESP_ERROR_CHECK failed: esp_err_t 0x103 (ESP_ERR_INVALID_STATE) at 0x400df1a1
file: "/IDF/components/esp_wifi/src/wifi_default.c" line 391
func: esp_netif_create_default_wifi_sta
expression: esp_wifi_set_default_wifi_sta_handlers()

abort() was called at PC 0x4008942f on core 0


Backtrace: 0x400817f6:0x3ffb9db0 0x40089439:0x3ffb9dd0 0x40090985:0x3ffb9df0 0x4008942f:0x3ffb9e60 0x400df1a1:0x3ffb9e90 0x400d6567:0x3ffb9ec0 0x400d66f2:0x3ffba090 0x40158cd3:0x3ffba0b0 0x40089f85:0x3ffba0e0




ELF file SHA256: c27676902

Rebooting...
ets Jun  8 2016 00:22:57

rst:0xc (SW_CPU_RESET),boot:0x13 (SPI_FAST_FLASH_BOOT)
configsip: 0, SPIWP:0xee
clk_drv:0x00,q_drv:0x00,d_drv:0x00,cs0_drv:0x00,hd_drv:0x00,wp_drv:0x00
mode:DIO, clock div:2
load:0x3fff0030,len:7172
load:0x40078000,len:15540
load:0x40080400,len:4
ho 8 tail 4 room 4
load:0x40080404,len:3904
entry 0x40080640
[0;32mI (30) boot: ESP-IDF v5.2.3 2nd stage bootloader[0m
[0;32mI (31) boot: compile time Oct  8 2024 19:40:23[0m
[0;32mI (31) boot: Multicore bootloader[0m
[0;32mI (35) boot: chip revision: v1.0[0m
[0;32mI (39) boot.esp32: SPI Speed      : 40MHz[0m
[0;32mI (44) boot.esp32: SPI Mode       : DIO[0m
[0;32mI (48) boot.esp32: SPI Flash Size : 2MB[0m
[0;32mI (53) boot: Enabling RNG early entropy source...[0m
[0;32mI (58) boot: Partition Table:[0m
[0;32mI (62) boot: ## Label            Usage          Type ST Offset   Length[0m
[0;32mI (69) boot:  0 nvs              WiFi data        01 02 00009000 00006000[0m
[0;32mI (76) boot:  1 phy_init         RF data          01 01 0000f000 00001000[0m
[0;32mI (84) boot:  2 factory          factory app      00 00 00010000 00100000[0m
[0;32mI (91) boot: End of partition table[0m
[0;32mI (96) esp_image: segment 0: paddr=00010020 vaddr=3f400020 size=211d0h (135632) map[0m
[0;32mI (150) esp_image: segment 1: paddr=000311f8 vaddr=3ffb0000 size=03cdch ( 15580) load[0m
[0;32mI (157) esp_image: segment 2: paddr=00034edc vaddr=40080000 size=0b13ch ( 45372) load[0m
[0;32mI (174) esp_image: segment 3: paddr=00040020 vaddr=400d0020 size=8ac80h (568448) map[0m
[0;32mI (369) esp_image: segment 4: paddr=000caca8 vaddr=4008b13c size=0ba0ch ( 47628) load[0m
[0;32mI (400) boot: Loaded app from partition at offset 0x10000[0m
[0;32mI (400) boot: Disabling RNG early entropy source...[0m
[0;32mI (411) cpu_start: Multicore app[0m
[0;32mI (421) cpu_start: Pro cpu start user code[0m
[0;32mI (421) cpu_start: cpu freq: 160000000 Hz[0m
[0;32mI (421) cpu_start: Application information:[0m
[0;32mI (424) cpu_start: Project name:     hello_world[0m
[0;32mI (429) cpu_start: App version:      1[0m
[0;32mI (433) cpu_start: Compile time:     Oct  8 2024 19:40:20[0m
[0;32mI (440) cpu_start: ELF file SHA256:  c27676902...[0m
[0;32mI (445) cpu_start: ESP-IDF:          v5.2.3[0m
[0;32mI (450) cpu_start: Min chip rev:     v0.0[0m
[0;32mI (454) cpu_start: Max chip rev:     v3.99 [0m
[0;32mI (459) cpu_start: Chip rev:         v1.0[0m
[0;32mI (464) heap_init: Initializing. RAM available for dynamic allocation:[0m
[0;32mI (471) heap_init: At 3FFAE6E0 len 00001920 (6 KiB): DRAM[0m
[0;32mI (477) heap_init: At 3FFB7DB8 len 00028248 (160 KiB): DRAM[0m
[0;32mI (484) heap_init: At 3FFE0440 len 00003AE0 (14 KiB): D/IRAM[0m
[0;32mI (490) heap_init: At 3FFE4350 len 0001BCB0 (111 KiB): D/IRAM[0m
[0;32mI (496) heap_init: At 40096B48 len 000094B8 (37 KiB): IRAM[0m
[0;32mI (504) spi_flash: detected chip: generic[0m
[0;32mI (507) spi_flash: flash io: dio[0m
[0;33mW (511) spi_flash: Detected size(4096k) larger than the size in the binary image header(2048k). Using the size in the binary image header.[0m
[0;32mI (525) main_task: Started on CPU0[0m
[0;32mI (535) main_task: Calling app_main()[0m
ESP_ERROR_CHECK failed: esp_err_t 0x103 (ESP_ERR_INVALID_STATE) at 0x400df1a1
file: "/IDF/components/esp_wifi/src/wifi_default.c" line 391
func: esp_netif_create_default_wifi_sta
expression: esp_wifi_set_default_wifi_sta_handlers()

abort() was called at PC 0x4008942f on core 0


Backtrace: 0x400817f6:0x3ffb9db0 0x40089439:0x3ffb9dd0 0x40090985:0x3ffb9df0 0x4008942f:0x3ffb9e60 0x400df1a1:0x3ffb9e90 0x400d6567:0x3ffb9ec0 0x400d66f2:0x3ffba090 0x40158cd3:0x3ffba0b0 0x40089f85:0x3ffba0e0




ELF file SHA256: c27676902

Rebooting...
ets Jun  8 2016 00:22:57

rst:0xc (SW_CPU_RESET),boot:0x13 (SPI_FAST_FLASH_BOOT)
configsip: 0, SPIWP:0xee
clk_drv:0x00,q_drv:0x00,d_drv:0x00,cs0_drv:0x00,hd_drv:0x00,wp_drv:0x00
mode:DIO, clock div:2
load:0x3fff0030,len:7172
load:0x40078000,len:15540
load:0x40080400,len:4
ho 8 tail 4 room 4
load:0x40080404,len:3904
entry 0x40080640
[0;32mI (30) boot: ESP-IDF v5.2.3 2nd stage bootloader[0m
[0;32mI (31) boot: compile time Oct  8 2024 19:40:23[0m
[0;32mI (31) boot: Multicore bootloader[0m
[0;32mI (35) boot: chip revision: v1.0[0m
[0;32mI (39) boot.esp32: SPI Speed      : 40MHz[0m
[0;32mI (44) boot.esp32: SPI Mode       : DIO[0m
[0;32mI (48) boot.esp32: SPI Flash Size : 2MB[0m
[0;32mI (53) boot: Enabling RNG early entropy source...[0m
[0;32mI (58) boot: Partition Table:[0m
[0;32mI (62) boot: ## Label            Usage          Type ST Offset   Length[0m
[0;32mI (69) boot:  0 nvs              WiFi data        01 02 00009000 00006000[0m
[0;32mI (76) boot:  1 phy_init         RF data          01 01 0000f000 00001000[0m
[0;32mI (84) boot:  2 factory          factory app      00 00 00010000 00100000[0m
[0;32mI (91) boot: End of partition table[0m
[0;32mI (96) esp_image: segment 0: paddr=00010020 vaddr=3f400020 size=211d0h (135632) map[0m
[0;32mI (150) esp_image: segment 1: paddr=000311f8 vaddr=3ffb0000 size=03cdch ( 15580) load[0m
[0;32mI (157) esp_image: segment 2: paddr=00034edc vaddr=40080000 size=0b13ch ( 45372) load[0m
[0;32mI (174) esp_image: segment 3: paddr=00040020 vaddr=400d0020 size=8ac80h (568448) map[0m
[0;32mI (369) esp_image: segment 4: paddr=000caca8 vaddr=4008b13c size=0ba0ch ( 47628) load[0m
[0;32mI (400) boot: Loaded app from partition at offset 0x10000[0m
[0;32mI (400) boot: Disabling RNG early entropy source...[0m
[0;32mI (411) cpu_start: Multicore app[0m
[0;32mI (421) cpu_start: Pro cpu start user code[0m
[0;32mI (421) cpu_start: cpu freq: 160000000 Hz[0m
[0;32mI (421) cpu_start: Application information:[0m
[0;32mI (424) cpu_start: Project name:     hello_world[0m
[0;32mI (429) cpu_start: App version:      1[0m
[0;32mI (433) cpu_start: Compile time:     Oct  8 2024 19:40:20[0m
[0;32mI (440) cpu_start: ELF file SHA256:  c27676902...[0m
[0;32mI (445) cpu_start: ESP-IDF:          v5.2.3[0m
[0;32mI (450) cpu_start: Min chip rev:     v0.0[0m
[0;32mI (454) cpu_start: Max chip rev:     v3.99 [0m
[0;32mI (459) cpu_start: Chip rev:         v1.0[0m
[0;32mI (464) heap_init: Initializing. RAM available for dynamic allocation:[0m
[0;32mI (471) heap_init: At 3FFAE6E0 len 00001920 (6 KiB): DRAM[0m
[0;32mI (477) heap_init: At 3FFB7DB8 len 00028248 (160 KiB): DRAM[0m
[0;32mI (483) heap_init: At 3FFE0440 len 00003AE0 (14 KiB): D/IRAM[0m
[0;32mI (490) heap_init: At 3FFE4350 len 0001BCB0 (111 KiB): D/IRAM[0m
[0;32mI (496) heap_init: At 40096B48 len 000094B8 (37 KiB): IRAM[0m
[0;32mI (504) spi_flash: detected chip: generic[0m
[0;32mI (507) spi_flash: flash io: dio[0m
[0;33mW (511) spi_flash: Detected size(4096k) larger than the size in the binary image header(2048k). Using the size in the binary image header.[0m
[0;32mI (525) main_task: Started on CPU0[0m
[0;32mI (535) main_task: Calling app_main()[0m
ESP_ERROR_CHECK failed: esp_err_t 0x103 (ESP_ERR_INVALID_STATE) at 0x400df1a1
file: "/IDF/components/esp_wifi/src/wifi_default.c" line 391
func: esp_netif_create_default_wifi_sta
expression: esp_wifi_set_default_wifi_sta_handlers()

abort() was called at PC 0x4008942f on core 0


Backtrace: 0x400817f6:0x3ffb9db0 0x40089439:0x3ffb9dd0 0x40090985:0x3ffb9df0 0x4008942f:0x3ffb9e60 0x400df1a1:0x3ffb9e90 0x400d6567:0x3ffb9ec0 0x400d66f2:0x3ffba090 0x40158cd3:0x3ffba0b0 0x40089f85:0x3ffba0e0




ELF file SHA256: c27676902

Rebooting...
ets Jun  8 2016 00:22:57

rst:0xc (SW_CPU_RESET),boot:0x13 (SPI_FAST_FLASH_BOOT)
configsip: 0, SPIWP:0xee
clk_drv:0x00,q_drv:0x00,d_drv:0x00,cs0_drv:0x00,hd_drv:0x00,wp_drv:0x00
mode:DIO, clock div:2
load:0x3fff0030,len:7172
load:0x40078000,len:15540
load:0x40080400,len:4
ho 8 tail 4 room 4
load:0x40080404,len:3904
entry 0x40080640
[0;32mI (30) boot: ESP-IDF v5.2.3 2nd stage bootloader[0m
[0;32mI (31) boot: compile time Oct  8 2024 19:40:23[0m
[0;32mI (31) boot: Multicore bootloader[0m
[0;32mI (35) boot: chip revision: v1.0[0m
[0;32mI (39) boot.esp32: SPI Speed      : 40MHz[0m
[0;32mI (44) boot.esp32: SPI Mode       : DIO[0m
[0;32mI (48) boot.esp32: SPI Flash Size : 2MB[0m
[0;32mI (53) boot: Enabling RNG early entropy source...[0m
[0;32mI (58) boot: Partition Table:[0m
[0;32mI (62) boot: ## Label            Usage          Type ST Offset   Length[0m
[0;32mI (69) boot:  0 nvs              WiFi data        01 02 00009000 00006000[0m
[0;32mI (76) boot:  1 phy_init         RF data          01 01 0000f000 00001000[0m
[0;32mI (84) boot:  2 factory          factory app      00 00 00010000 00100000[0m
[0;32mI (91) boot: End of partition table[0m
[0;32mI (96) esp_image: segment 0: paddr=00010020 vaddr=3f400020 size=211d0h (135632) map[0m
[0;32mI (150) esp_image: segment 1: paddr=000311f8 vaddr=3ffb0000 size=03cdch ( 15580) load[0m
[0;32mI (157) esp_image: segment 2: paddr=00034edc vaddr=40080000 size=0b13ch ( 45372) load[0m
[0;32mI (174) esp_image: segment 3: paddr=00040020 vaddr=400d0020 size=8ac80h (568448) map[0m
[0;32mI (369) esp_image: segment 4: paddr=000caca8 vaddr=4008b13c size=0ba0ch ( 47628) load[0m
[0;32mI (400) boot: Loaded app from partition at offset 0x10000[0m
[0;32mI (400) boot: Disabling RNG early entropy source...[0m
[0;32mI (411) cpu_start: Multicore app[0m
[0;32mI (421) cpu_start: Pro cpu start user code[0m
[0;32mI (421) cpu_start: cpu freq: 160000000 Hz[0m
[0;32mI (421) cpu_start: Application information:[0m
[0;32mI (424) cpu_start: Project name:     hello_world[0m
[0;32mI (429) cpu_start: App version:      1[0m
[0;32mI (433) cpu_start: Compile time:     Oct  8 2024 19:40:20[0m
[0;32mI (440) cpu_start: ELF file SHA256:  c27676902...[0m
[0;32mI (445) cpu_start: ESP-IDF:          v5.2.3[0m
[0;32mI (450) cpu_start: Min chip rev:     v0.0[0m
[0;32mI (454) cpu_start: Max chip rev:     v3.99 [0m
[0;32mI (459) cpu_start: Chip rev:         v1.0[0m
[0;32mI (464) heap_init: Initializing. RAM available for dynamic allocation:[0m
[0;32mI (471) heap_init: At 3FFAE6E0 len 00001920 (6 KiB): DRAM[0m
[0;32mI (477) heap_init: At 3FFB7DB8 len 00028248 (160 KiB): DRAM[0m
[0;32mI (483) heap_init: At 3FFE0440 len 00003AE0 (14 KiB): D/IRAM[0m
[0;32mI (490) heap_init: At 3FFE4350 len 0001BCB0 (111 KiB): D/IRAM[0m
[0;32mI (496) heap_init: At 40096B48 len 000094B8 (37 KiB): IRAM[0m
[0;32mI (504) spi_flash: detected chip: generic[0m
[0;32mI (507) spi_flash: flash io: dio[0m
[0;33mW (511) spi_flash: Detected size(4096k) larger than the size in the binary image header(2048k). Using the size in the binary image header.[0m
[0;32mI (525) main_task: Started on CPU0[0m
[0;32mI (535) main_task: Calling app_main()[0m
ESP_ERROR_CHECK failed: esp_err_t 0x103 (ESP_ERR_INVALID_STATE) at 0x400df1a1
file: "/IDF/components/esp_wifi/src/wifi_default.c" line 391
func: esp_netif_create_default_wifi_sta
expression: esp_wifi_set_default_wifi_sta_handlers()

abort() was called at PC 0x4008942f on core 0


Backtrace: 0x400817f6:0x3ffb9db0 0x40089439:0x3ffb9dd0 0x40090985:0x3ffb9df0 0x4008942f:0x3ffb9e60 0x400df1a1:0x3ffb9e90 0x400d6567:0x3ffb9ec0 0x400d66f2:0x3ffba090 0x40158cd3:0x3ffba0b0 0x40089f85:0x3ffba0e0




ELF file SHA256: c27676902

Rebooting...
ets Jun  8 2016 00:22:57

rst:0xc (SW_CPU_RESET),boot:0x13 (SPI_FAST_FLASH_BOOT)
configsip: 0, SPIWP:0xee
clk_drv:0x00,q_drv:0x00,d_drv:0x00,cs0_drv:0x00,hd_drv:0x00,wp_drv:0x00
mode:DIO, clock div:2
load:0x3fff0030,len:7172
load:0x40078000,len:15540
load:0x40080400,len:4
ho 8 tail 4 room 4
load:0x40080404,len:3904
entry 0x40080640
[0;32mI (30) boot: ESP-IDF v5.2.3 2nd stage bootloader[0m
[0;32mI (31) boot: compile time Oct  8 2024 19:40:23[0m
[0;32mI (31) boot: Multicore bootloader[0m
[0;32mI (35) boot: chip revision: v1.0[0m
[0;32mI (39) boot.esp32: SPI Speed      : 40MHz[0m
[0;32mI (44) boot.esp32: SPI Mode       : DIO[0m
[0;32mI (48) boot.esp32: SPI Flash Size : 2MB[0m
[0;32mI (53) boot: Enabling RNG early entropy source...[0m
[0;32mI (58) boot: Partition Table:[0m
[0;32mI (62) boot: ## Label            Usage          Type ST Offset   Length[0m
[0;32mI (69) boot:  0 nvs              WiFi data        01 02 00009000 00006000[0m
[0;32mI (76) boot:  1 phy_init         RF data          01 01 0000f000 00001000[0m
[0;32mI (84) boot:  2 factory          factory app      00 00 00010000 00100000[0m
[0;32mI (91) boot: End of partition table[0m
[0;32mI (96) esp_image: segment 0: paddr=00010020 vaddr=3f400020 size=211d0h (135632) map[0m
[0;32mI (150) esp_image: segment 1: paddr=000311f8 vaddr=3ffb0000 size=03cdch ( 15580) load[0m
[0;32mI (157) esp_image: segment 2: paddr=00034edc vaddr=40080000 size=0b13ch ( 45372) load[0m
[0;32mI (174) esp_image: segment 3: paddr=00040020 vaddr=400d0020 size=8ac80h (568448) map[0m
[0;32mI (369) esp_image: segment 4: paddr=000caca8 vaddr=4008b13c size=0ba0ch ( 47628) load[0m
[0;32mI (400) boot: Loaded app from partition at offset 0x10000[0m
[0;32mI (400) boot: Disabling RNG early entropy source...[0m
[0;32mI (411) cpu_start: Multicore app[0m
[0;32mI (421) cpu_start: Pro cpu start user code[0m
[0;32mI (421) cpu_start: cpu freq: 160000000 Hz[0m
[0;32mI (421) cpu_start: Application information:[0m
[0;32mI (424) cpu_start: Project name:     hello_world[0m
[0;32mI (429) cpu_start: App version:      1[0m
[0;32mI (433) cpu_start: Compile time:     Oct  8 2024 19:40:20[0m
[0;32mI (440) cpu_start: ELF file SHA256:  c27676902...[0m
[0;32mI (445) cpu_start: ESP-IDF:          v5.2.3[0m
[0;32mI (450) cpu_start: Min chip rev:     v0.0[0m
[0;32mI (454) cpu_start: Max chip rev:     v3.99 [0m
[0;32mI (459) cpu_start: Chip rev:         v1.0[0m
[0;32mI (464) heap_init: Initializing. RAM available for dynamic allocation:[0m
[0;32mI (471) heap_init: At 3FFAE6E0 len 00001920 (6 KiB): DRAM[0m
[0;32mI (477) heap_init: At 3FFB7DB8 len 00028248 (160 KiB): DRAM[0m
[0;32mI (483) heap_init: At 3FFE0440 len 00003AE0 (14 KiB): D/IRAM[0m
[0;32mI (490) heap_init: At 3FFE4350 len 0001BCB0 (111 KiB): D/IRAM[0m
[0;32mI (496) heap_init: At 40096B48 len 000094B8 (37 KiB): IRAM[0m
[0;32mI (504) spi_flash: detected chip: generic[0m
[0;32mI (507) spi_flash: flash io: dio[0m
[0;33mW (511) spi_flash: Detected size(4096k) larger than the size in the binary image header(2048k). Using the size in the binary image header.[0m
[0;32mI (525) main_task: Started on CPU0[0m
[0;32mI (535) main_task: Calling app_main()[0m
ESP_ERROR_CHECK failed: esp_err_t 0x103 (ESP_ERR_INVALID_STATE) at 0x400df1a1
file: "/IDF/components/esp_wifi/src/wifi_default.c" line 391
func: esp_netif_create_default_wifi_sta
expression: esp_wifi_set_default_wifi_sta_handlers()

abort() was called at PC 0x4008942f on core 0


Backtrace: 0x400817f6:0x3ffb9db0 0x40089439:0x3ffb9dd0 0x40090985:0x3ffb9df0 0x4008942f:0x3ffb9e60 0x400df1a1:0x3ffb9e90 0x400d6567:0x3ffb9ec0 0x400d66f2:0x3ffba090 0x40158cd3:0x3ffba0b0 0x40089f85:0x3ffba0e0




ELF file SHA256: c27676902

Rebooting...
ets Jun  8 2016 00:22:57

rst:0xc (SW_CPU_RESET),boot:0x13 (SPI_FAST_FLASH_BOOT)
configsip: 0, SPIWP:0xee
clk_drv:0x00,q_drv:0x00,d_drv:0x00,cs0_drv:0x00,hd_drv:0x00,wp_drv:0x00
mode:DIO, clock div:2
load:0x3fff0030,len:7172
load:0x40078000,len:15540
load:0x40080400,len:4
ho 8 tail 4 room 4
load:0x40080404,len:3904
entry 0x40080640
[0;32mI (30) boot: ESP-IDF v5.2.3 2nd stage bootloader[0m
[0;32mI (31) boot: compile time Oct  8 2024 19:40:23[0m
[0;32mI (31) boot: Multicore bootloader[0m
[0;32mI (35) boot: chip revision: v1.0[0m
[0;32mI (39) boot.esp32: SPI Speed      : 40MHz[0m
[0;32mI (44) boot.esp32: SPI Mode       : DIO[0m
[0;32mI (48) boot.esp32: SPI Flash Size : 2MB[0m
[0;32mI (53) boot: Enabling RNG early entropy source...[0m
[0;32mI (58) boot: Partition Table:[0m
[0;32mI (62) boot: ## Label            Usage          Type ST Offset   Length[0m
[0;32mI (69) boot:  0 nvs              WiFi data        01 02 00009000 00006000[0m
[0;32mI (76) boot:  1 phy_init         RF data          01 01 0000f000 00001000[0m
[0;32mI (84) boot:  2 factory          factory app      00 00 00010000 00100000[0m
[0;32mI (91) boot: End of partition table[0m
[0;32mI (96) esp_image: segment 0: paddr=00010020 vaddr=3f400020 size=211d0h (135632) map[0m
[0;32mI (150) esp_image: segment 1: paddr=000311f8 vaddr=3ffb0000 size=03cdch ( 15580) load[0m
[0;32mI (157) esp_image: segment 2: paddr=00034edc vaddr=40080000 size=0b13ch ( 45372) load[0m
[0;32mI (174) esp_image: segment 3: paddr=00040020 vaddr=400d0020 size=8ac80h (568448) map[0m
[0;32mI (369) esp_image: segment 4: paddr=000caca8 vaddr=4008b13c size=0ba0ch ( 47628) load[0m
[0;32mI (400) boot: Loaded app from partition at offset 0x10000[0m
[0;32mI (400) boot: Disabling RNG early entropy source...[0m
[0;32mI (411) cpu_start: Multicore app[0m
[0;32mI (421) cpu_start: Pro cpu start user code[0m
[0;32mI (421) cpu_start: cpu freq: 160000000 Hz[0m
[0;32mI (421) cpu_start: Application information:[0m
[0;32mI (424) cpu_start: Project name:     hello_world[0m
[0;32mI (429) cpu_start: App version:      1[0m
[0;32mI (433) cpu_start: Compile time:     Oct  8 2024 19:40:20[0m
[0;32mI (440) cpu_start: ELF file SHA256:  c27676902...[0m
[0;32mI (445) cpu_start: ESP-IDF:          v5.2.3[0m
[0;32mI (450) cpu_start: Min chip rev:     v0.0[0m
[0;32mI (454) cpu_start: Max chip rev:     v3.99 [0m
[0;32mI (459) cpu_start: Chip rev:         v1.0[0m
[0;32mI (464) heap_init: Initializing. RAM available for dynamic allocation:[0m
[0;32mI (471) heap_init: At 3FFAE6E0 len 00001920 (6 KiB): DRAM[0m
[0;32mI (477) heap_init: At 3FFB7DB8 len 00028248 (160 KiB): DRAM[0m
[0;32mI (483) heap_init: At 3FFE0440 len 00003AE0 (14 KiB): D/IRAM[0m
[0;32mI (490) heap_init: At 3FFE4350 len 0001BCB0 (111 KiB): D/IRAM[0m
[0;32mI (496) heap_init: At 40096B48 len 000094B8 (37 KiB): IRAM[0m
[0;32mI (504) spi_flash: detected chip: generic[0m
[0;32mI (507) spi_flash: flash io: dio[0m
[0;33mW (511) spi_flash: Detected size(4096k) larger than the size in the binary image header(2048k). Using the size in the binary image header.[0m
[0;32mI (525) main_task: Started on CPU0[0m
[0;32mI (535) main_task: Calling app_main()[0m
ESP_ERROR_CHECK failed: esp_err_t 0x103 (ESP_ERR_INVALID_STATE) at 0x400df1a1
file: "/IDF/components/esp_wifi/src/wifi_default.c" line 391
func: esp_netif_create_default_wifi_sta
expression: esp_wifi_set_default_wifi_sta_handlers()

abort() was called at PC 0x4008942f on core 0


Backtrace: 0x400817f6:0x3ffb9db0 0x40089439:0x3ffb9dd0 0x40090985:0x3ffb9df0 0x4008942f:0x3ffb9e60 0x400df1a1:0x3ffb9e90 0x400d6567:0x3ffb9ec0 0x400d66f2:0x3ffba090 0x40158cd3:0x3ffba0b0 0x40089f85:0x3ffba0e0




ELF file SHA256: c27676902

Rebooting...
ets Jun  8 2016 00:22:57

rst:0xc (SW_CPU_RESET),boot:0x13 (SPI_FAST_FLASH_BOOT)
configsip: 0, SPIWP:0xee
clk_drv:0x00,q_drv:0x00,d_drv:0x00,cs0_drv:0x00,hd_drv:0x00,wp_drv:0x00
mode:DIO, clock div:2
load:0x3fff0030,len:7172
load:0x40078000,len:15540
load:0x40080400,len:4
ho 8 tail 4 room 4
load:0x40080404,len:3904
entry 0x40080640
[0;32mI (30) boot: ESP-IDF v5.2.3 2nd stage bootloader[0m
[0;32mI (31) boot: compile time Oct  8 2024 19:40:23[0m
[0;32mI (31) boot: Multicore bootloader[0m
[0;32mI (35) boot: chip revision: v1.0[0m
[0;32mI (39) boot.esp32: SPI Speed      : 40MHz[0m
[0;32mI (44) boot.esp32: SPI Mode       : DIO[0m
[0;32mI (48) boot.esp32: SPI Flash Size : 2MB[0m
[0;32mI (53) boot: Enabling RNG early entropy source...[0m
[0;32mI (58) boot: Partition Table:[0m
[0;32mI (62) boot: ## Label            Usage          Type ST Offset   Length[0m
[0;32mI (69) boot:  0 nvs              WiFi data        01 02 00009000 00006000[0m
[0;32mI (76) boot:  1 phy_init         RF data          01 01 0000f000 00001000[0m
[0;32mI (84) boot:  2 factory          factory app      00 00 00010000 00100000[0m
[0;32mI (91) boot: End of partition table[0m
[0;32mI (96) esp_image: segment 0: paddr=00010020 vaddr=3f400020 size=211d0h (135632) map[0m
[0;32mI (150) esp_image: segment 1: paddr=000311f8 vaddr=3ffb0000 size=03cdch ( 15580) load[0m
[0;32mI (157) esp_image: segment 2: paddr=00034edc vaddr=40080000 size=0b13ch ( 45372) load[0m
[0;32mI (174) esp_image: segment 3: paddr=00040020 vaddr=400d0020 size=8ac80h (568448) map[0m
[0;32mI (369) esp_image: segment 4: paddr=000caca8 vaddr=4008b13c size=0ba0ch ( 47628) load[0m
[0;32mI (400) boot: Loaded app from partition at offset 0x10000[0m
[0;32mI (400) boot: Disabling RNG early entropy source...[0m
[0;32mI (411) cpu_start: Multicore app[0m
[0;32mI (421) cpu_start: Pro cpu start user code[0m
[0;32mI (421) cpu_start: cpu freq: 160000000 Hz[0m
[0;32mI (421) cpu_start: Application information:[0m
[0;32mI (424) cpu_start: Project name:     hello_world[0m
[0;32mI (429) cpu_start: App version:      1[0m
[0;32mI (433) cpu_start: Compile time:     Oct  8 2024 19:40:20[0m
[0;32mI (440) cpu_start: ELF file SHA256:  c27676902...[0m
[0;32mI (445) cpu_start: ESP-IDF:          v5.2.3[0m
[0;32mI (450) cpu_start: Min chip rev:     v0.0[0m
[0;32mI (454) cpu_start: Max chip rev:     v3.99 [0m
[0;32mI (459) cpu_start: Chip rev:         v1.0[0m
[0;32mI (464) heap_init: Initializing. RAM available for dynamic allocation:[0m
[0;32mI (471) heap_init: At 3FFAE6E0 len 00001920 (6 KiB): DRAM[0m
[0;32mI (477) heap_init: At 3FFB7DB8 len 00028248 (160 KiB): DRAM[0m
[0;32mI (483) heap_init: At 3FFE0440 len 00003AE0 (14 KiB): D/IRAM[0m
[0;32mI (490) heap_init: At 3FFE4350 len 0001BCB0 (111 KiB): D/IRAM[0m
[0;32mI (496) heap_init: At 40096B48 len 000094B8 (37 KiB): IRAM[0m
[0;32mI (504) spi_flash: detected chip: generic[0m
[0;32mI (507) spi_flash: flash io: dio[0m
[0;33mW (511) spi_flash: Detected size(4096k) larger than the size in the binary image header(2048k). Using the size in the binary image header.[0m
[0;32mI (525) main_task: Started on CPU0[0m
[0;32mI (535) main_task: Calling app_main()[0m
ESP_ERROR_CHECK failed: esp_err_t 0x103 (ESP_ERR_INVALID_STATE) at 0x400df1a1
file: "/IDF/components/esp_wifi/src/wifi_default.c" line 391
func: esp_netif_create_default_wifi_sta
expression: esp_wifi_set_default_wifi_sta_handlers()

abort() was called at PC 0x4008942f on core 0


Backtrace: 0x400817f6:0x3ffb9db0 0x40089439:0x3ffb9dd0 0x40090985:0x3ffb9df0 0x4008942f:0x3ffb9e60 0x400df1a1:0x3ffb9e90 0x400d6567:0x3ffb9ec0 0x400d66f2:0x3ffba090 0x40158cd3:0x3ffba0b0 0x40089f85:0x3ffba0e0




ELF file SHA256: c27676902

Rebooting...
ets Jun  8 2016 00:22:57

rst:0xc (SW_CPU_RESET),boot:0x13 (SPI_FAST_FLASH_BOOT)
configsip: 0, SPIWP:0xee
clk_drv:0x00,q_drv:0x00,d_drv:0x00,cs0_drv:0x00,hd_drv:0x00,wp_drv:0x00
mode:DIO, clock div:2
load:0x3fff0030,len:7172
load:0x40078000,len:15540
load:0x40080400,len:4
ho 8 tail 4 room 4
load:0x40080404,len:3904
entry 0x40080640
[0;32mI (30) boot: ESP-IDF v5.2.3 2nd stage bootloader[0m
[0;32mI (31) boot: compile time Oct  8 2024 19:40:23[0m
[0;32mI (31) boot: Multicore bootloader[0m
[0;32mI (35) boot: chip revision: v1.0[0m
[0;32mI (39) boot.esp32: SPI Speed      : 40MHz[0m
[0;32mI (44) boot.esp32: SPI Mode       : DIO[0m
[0;32mI (48) boot.esp32: SPI Flash Size : 2MB[0m
[0;32mI (53) boot: Enabling RNG early entropy source...[0m
[0;32mI (58) boot: Partition Table:[0m
[0;32mI (62) boot: ## Label            Usage          Type ST Offset   Length[0m
[0;32mI (69) boot:  0 nvs              WiFi data        01 02 00009000 00006000[0m
[0;32mI (76) boot:  1 phy_init         RF data          01 01 0000f000 00001000[0m
[0;32mI (84) boot:  2 factory          factory app      00 00 00010000 00100000[0m
[0;32mI (91) boot: End of partition table[0m
[0;32mI (96) esp_image: segment 0: paddr=00010020 vaddr=3f400020 size=211d0h (135632) map[0m
[0;32mI (150) esp_image: segment 1: paddr=000311f8 vaddr=3ffb0000 size=03cdch ( 15580) load[0m
[0;32mI (157) esp_image: segment 2: paddr=00034edc vaddr=40080000 size=0b13ch ( 45372) load[0m
[0;32mI (174) esp_image: segment 3: paddr=00040020 vaddr=400d0020 size=8ac80h (568448) map[0m
[0;32mI (369) esp_image: segment 4: paddr=000caca8 vaddr=4008b13c size=0ba0ch ( 47628) load[0m
[0;32mI (400) boot: Loaded app from partition at offset 0x10000[0m
[0;32mI (400) boot: Disabling RNG early entropy source...[0m
[0;32mI (411) cpu_start: Multicore app[0m
[0;32mI (421) cpu_start: Pro cpu start user code[0m
[0;32mI (421) cpu_start: cpu freq: 160000000 Hz[0m
[0;32mI (421) cpu_start: Application information:[0m
[0;32mI (424) cpu_start: Project name:     hello_world[0m
[0;32mI (429) cpu_start: App version:      1[0m
[0;32mI (433) cpu_start: Compile time:     Oct  8 2024 19:40:20[0m
[0;32mI (440) cpu_start: ELF file SHA256:  c27676902...[0m
[0;32mI (445) cpu_start: ESP-IDF:          v5.2.3[0m
[0;32mI (450) cpu_start: Min chip rev:     v0.0[0m
[0;32mI (454) cpu_start: Max chip rev:     v3.99 [0m
[0;32mI (459) cpu_start: Chip rev:         v1.0[0m
[0;32mI (464) heap_init: Initializing. RAM available for dynamic allocation:[0m
[0;32mI (471) heap_init: At 3FFAE6E0 len 00001920 (6 KiB): DRAM[0m
[0;32mI (477) heap_init: At 3FFB7DB8 len 00028248 (160 KiB): DRAM[0m
[0;32mI (483) heap_init: At 3FFE0440 len 00003AE0 (14 KiB): D/IRAM[0m
[0;32mI (490) heap_init: At 3FFE4350 len 0001BCB0 (111 KiB): D/IRAM[0m
[0;32mI (496) heap_init: At 40096B48 len 000094B8 (37 KiB): IRAM[0m
[0;32mI (504) spi_flash: detected chip: generic[0m
[0;32mI (507) spi_flash: flash io: dio[0m
[0;33mW (511) spi_flash: Detected size(4096k) larger than the size in the binary image header(2048k). Using the size in the binary image header.[0m
[0;32mI (525) main_task: Started on CPU0[0m
[0;32mI (535) main_task: Calling app_main()[0m
ESP_ERROR_CHECK failed: esp_err_t 0x103 (ESP_ERR_INVALID_STATE) at 0x400df1a1
file: "/IDF/components/esp_wifi/src/wifi_default.c" line 391
func: esp_netif_create_default_wifi_sta
expression: esp_wifi_set_default_wifi_sta_handlers()

abort() was called at PC 0x4008942f on core 0


Backtrace: 0x400817f6:0x3ffb9db0 0x40089439:0x3ffb9dd0 0x40090985:0x3ffb9df0 0x4008942f:0x3ffb9e60 0x400df1a1:0x3ffb9e90 0x400d6567:0x3ffb9ec0 0x400d66f2:0x3ffba090 0x40158cd3:0x3ffba0b0 0x40089f85:0x3ffba0e0




ELF file SHA256: c27676902

Rebooting...
ets Jun  8 2016 00:22:57

rst:0xc (SW_CPU_RESET),boot:0x13 (SPI_FAST_FLASH_BOOT)
configsip: 0, SPIWP:0xee
clk_drv:0x00,q_drv:0x00,d_drv:0x00,cs0_drv:0x00,hd_drv:0x00,wp_drv:0x00
mode:DIO, clock div:2
load:0x3fff0030,len:7172
load:0x40078000,len:15540
load:0x40080400,len:4
ho 8 tail 4 room 4
load:0x40080404,len:3904
entry 0x40080640
[0;32mI (30) boot: ESP-IDF v5.2.3 2nd stage bootloader[0m
[0;32mI (31) boot: compile time Oct  8 2024 19:40:23[0m
[0;32mI (31) boot: Multicore bootloader[0m
[0;32mI (35) boot: chip revision: v1.0[0m
[0;32mI (39) boot.esp32: SPI Speed      : 40MHz[0m
[0;32mI (44) boot.esp32: SPI Mode       : DIO[0m
[0;32mI (48) boot.esp32: SPI Flash Size : 2MB[0m
[0;32mI (53) boot: Enabling RNG early entropy source...[0m
[0;32mI (58) boot: Partition Table:[0m
[0;32mI (62) boot: ## Label            Usage          Type ST Offset   Length[0m
[0;32mI (69) boot:  0 nvs              WiFi data        01 02 00009000 00006000[0m
[0;32mI (76) boot:  1 phy_init         RF data          01 01 0000f000 00001000[0m
[0;32mI (84) boot:  2 factory          factory app      00 00 00010000 00100000[0m
[0;32mI (91) boot: End of partition table[0m
[0;32mI (96) esp_image: segment 0: paddr=00010020 vaddr=3f400020 size=211d0h (135632) map[0m
[0;32mI (150) esp_image: segment 1: paddr=000311f8 vaddr=3ffb0000 size=03cdch ( 15580) load[0m
[0;32mI (157) esp_image: segment 2: paddr=00034edc vaddr=40080000 size=0b13ch ( 45372) load[0m
[0;32mI (174) esp_image: segment 3: paddr=00040020 vaddr=400d0020 size=8ac80h (568448) map[0m
[0;32mI (369) esp_image: segment 4: paddr=000caca8 vaddr=4008b13c size=0ba0ch ( 47628) load[0m
[0;32mI (400) boot: Loaded app from partition at offset 0x10000[0m
[0;32mI (400) boot: Disabling RNG early entropy source...[0m
[0;32mI (411) cpu_start: Multicore app[0m
[0;32mI (421) cpu_start: Pro cpu start user code[0m
[0;32mI (421) cpu_start: cpu freq: 160000000 Hz[0m
[0;32mI (421) cpu_start: Application information:[0m
[0;32mI (424) cpu_start: Project name:     hello_world[0m
[0;32mI (429) cpu_start: App version:      1[0m
[0;32mI (433) cpu_start: Compile time:     Oct  8 2024 19:40:20[0m
[0;32mI (440) cpu_start: ELF file SHA256:  c27676902...[0m
[0;32mI (445) cpu_start: ESP-IDF:          v5.2.3[0m
[0;32mI (450) cpu_start: Min chip rev:     v0.0[0m
[0;32mI (454) cpu_start: Max chip rev:     v3.99 [0m
[0;32mI (459) cpu_start: Chip rev:         v1.0[0m
[0;32mI (464) heap_init: Initializing. RAM available for dynamic allocation:[0m
[0;32mI (471) heap_init: At 3FFAE6E0 len 00001920 (6 KiB): DRAM[0m
[0;32mI (477) heap_init: At 3FFB7DB8 len 00028248 (160 KiB): DRAM[0m
[0;32mI (483) heap_init: At 3FFE0440 len 00003AE0 (14 KiB): D/IRAM[0m
[0;32mI (490) heap_init: At 3FFE4350 len 0001BCB0 (111 KiB): D/IRAM[0m
[0;32mI (496) heap_init: At 40096B48 len 000094B8 (37 KiB): IRAM[0m
[0;32mI (504) spi_flash: detected chip: generic[0m
[0;32mI (507) spi_flash: flash io: dio[0m
[0;33mW (511) spi_flash: Detected size(4096k) larger than the size in the binary image header(2048k). Using the size in the binary image header.[0m
[0;32mI (525) main_task: Started on CPU0[0m
[0;32mI (535) main_task: Calling app_main()[0m
ESP_ERROR_CHECK failed: esp_err_t 0x103 (ESP_ERR_INVALID_STATE) at 0x400df1a1
file: "/IDF/components/esp_wifi/src/wifi_default.c" line 391
func: esp_netif_create_default_wifi_sta
expression: esp_wifi_set_default_wifi_sta_handlers()

abort() was called at PC 0x4008942f on core 0


Backtrace: 0x400817f6:0x3ffb9db0 0x40089439:0x3ffb9dd0 0x40090985:0x3ffb9df0 0x4008942f:0x3ffb9e60 0x400df1a1:0x3ffb9e90 0x400d6567:0x3ffb9ec0 0x400d66f2:0x3ffba090 0x40158cd3:0x3ffba0b0 0x40089f85:0x3ffba0e0




ELF file SHA256: c27676902

Rebooting...
ets Jun  8 2016 00:22:57

rst:0xc (SW_CPU_RESET),boot:0x13 (SPI_FAST_FLASH_BOOT)
configsip: 0, SPIWP:0xee
clk_drv:0x00,q_drv:0x00,d_drv:0x00,cs0_drv:0x00,hd_drv:0x00,wp_drv:0x00
mode:DIO, clock div:2
load:0x3fff0030,len:7172
load:0x40078000,len:15540
load:0x40080400,len:4
ho 8 tail 4 room 4
load:0x40080404,len:3904
entry 0x40080640
[0;32mI (30) boot: ESP-IDF v5.2.3 2nd stage bootloader[0m
[0;32mI (31) boot: compile time Oct  8 2024 19:40:23[0m
[0;32mI (31) boot: Multicore bootloader[0m
[0;32mI (35) boot: chip revision: v1.0[0m
[0;32mI (39) boot.esp32: SPI Speed      : 40MHz[0m
[0;32mI (44) boot.esp32: SPI Mode       : DIO[0m
[0;32mI (48) boot.esp32: SPI Flash Size : 2MB[0m
[0;32mI (53) boot: Enabling RNG early entropy source...[0m
[0;32mI (58) boot: Partition Table:[0m
[0;32mI (62) boot: ## Label            Usage          Type ST Offset   Length[0m
[0;32mI (69) boot:  0 nvs              WiFi data        01 02 00009000 00006000[0m
[0;32mI (76) boot:  1 phy_init         RF data          01 01 0000f000 00001000[0m
[0;32mI (84) boot:  2 factory          factory app      00 00 00010000 00100000[0m
[0;32mI (91) boot: End of partition table[0m
[0;32mI (96) esp_image: segment 0: paddr=00010020 vaddr=3f400020 size=211d0h (135632) map[0m
[0;32mI (150) esp_image: segment 1: paddr=000311f8 vaddr=3ffb0000 size=03cdch ( 15580) load[0m
[0;32mI (157) esp_image: segment 2: paddr=00034edc vaddr=40080000 size=0b13ch ( 45372) load[0m
[0;32mI (174) esp_image: segment 3: paddr=00040020 vaddr=400d0020 size=8ac80h (568448) map[0m
[0;32mI (369) esp_image: segment 4: paddr=000caca8 vaddr=4008b13c size=0ba0ch ( 47628) load[0m
[0;32mI (400) boot: Loaded app from partition at offset 0x10000[0m
[0;32mI (400) boot: Disabling RNG early entropy source...[0m
[0;32mI (411) cpu_start: Multicore app[0m
[0;32mI (421) cpu_start: Pro cpu start user code[0m
[0;32mI (421) cpu_start: cpu freq: 160000000 Hz[0m
[0;32mI (421) cpu_start: Application information:[0m
[0;32mI (424) cpu_start: Project name:     hello_world[0m
[0;32mI (429) cpu_start: App version:      1[0m
[0;32mI (433) cpu_start: Compile time:     Oct  8 2024 19:40:20[0m
[0;32mI (440) cpu_start: ELF file SHA256:  c27676902...[0m
[0;32mI (445) cpu_start: ESP-IDF:          v5.2.3[0m
[0;32mI (450) cpu_start: Min chip rev:     v0.0[0m
[0;32mI (454) cpu_start: Max chip rev:     v3.99 [0m
[0;32mI (459) cpu_start: Chip rev:         v1.0[0m
[0;32mI (464) heap_init: Initializing. RAM available for dynamic allocation:[0m
[0;32mI (471) heap_init: At 3FFAE6E0 len 00001920 (6 KiB): DRAM[0m
[0;32mI (477) heap_init: At 3FFB7DB8 len 00028248 (160 KiB): DRAM[0m
[0;32mI (483) heap_init: At 3FFE0440 len 00003AE0 (14 KiB): D/IRAM[0m
[0;32mI (490) heap_init: At 3FFE4350 len 0001BCB0 (111 KiB): D/IRAM[0m
[0;32mI (496) heap_init: At 40096B48 len 000094B8 (37 KiB): IRAM[0m
[0;32mI (504) spi_flash: detected chip: generic[0m
[0;32mI (507) spi_flash: flash io: dio[0m
[0;33mW (511) spi_flash: Detected size(4096k) larger than the size in the binary image header(2048k). Using the size in the binary image header.[0m
[0;32mI (525) main_task: Started on CPU0[0m
[0;32mI (535) main_task: Calling app_main()[0m
ESP_ERROR_CHECK failed: esp_err_t 0x103 (ESP_ERR_INVALID_STATE) at 0x400df1a1
file: "/IDF/components/esp_wifi/src/wifi_default.c" line 391
func: esp_netif_create_default_wifi_sta
expression: esp_wifi_set_default_wifi_sta_handlers()

abort() was called at PC 0x4008942f on core 0


Backtrace: 0x400817f6:0x3ffb9db0 0x40089439:0x3ffb9dd0 0x40090985:0x3ffb9df0 0x4008942f:0x3ffb9e60 0x400df1a1:0x3ffb9e90 0x400d6567:0x3ffb9ec0 0x400d66f2:0x3ffba090 0x40158cd3:0x3ffba0b0 0x40089f85:0x3ffba0e0




ELF file SHA256: c27676902

Rebooting...
ets Jun  8 2016 00:22:57

rst:0xc (SW_CPU_RESET),boot:0x13 (SPI_FAST_FLASH_BOOT)
configsip: 0, SPIWP:0xee
clk_drv:0x00,q_drv:0x00,d_drv:0x00,cs0_drv:0x00,hd_drv:0x00,wp_drv:0x00
mode:DIO, clock div:2
load:0x3fff0030,len:7172
load:0x40078000,len:15540
load:0x40080400,len:4
ho 8 tail 4 room 4
load:0x40080404,len:3904
entry 0x40080640
[0;32mI (30) boot: ESP-IDF v5.2.3 2nd stage bootloader[0m
[0;32mI (31) boot: compile time Oct  8 2024 19:40:23[0m
[0;32mI (31) boot: Multicore bootloader[0m
[0;32mI (35) boot: chip revision: v1.0[0m
[0;32mI (39) boot.esp32: SPI Speed      : 40MHz[0m
[0;32mI (44) boot.esp32: SPI Mode       : DIO[0m
[0;32mI (48) boot.esp32: SPI Flash Size : 2MB[0m
[0;32mI (53) boot: Enabling RNG early entropy source...[0m
[0;32mI (58) boot: Partition Table:[0m
[0;32mI (62) boot: ## Label            Usage          Type ST Offset   Length[0m
[0;32mI (69) boot:  0 nvs              WiFi data        01 02 00009000 00006000[0m
[0;32mI (76) boot:  1 phy_init         RF data          01 01 0000f000 00001000[0m
[0;32mI (84) boot:  2 factory          factory app      00 00 00010000 00100000[0m
[0;32mI (91) boot: End of partition table[0m
[0;32mI (96) esp_image: segment 0: paddr=00010020 vaddr=3f400020 size=211d0h (135632) map[0m
[0;32mI (150) esp_image: segment 1: paddr=000311f8 vaddr=3ffb0000 size=03cdch ( 15580) load[0m
[0;32mI (157) esp_image: segment 2: paddr=00034edc vaddr=40080000 size=0b13ch ( 45372) load[0m
[0;32mI (174) esp_image: segment 3: paddr=00040020 vaddr=400d0020 size=8ac80h (568448) map[0m
[0;32mI (369) esp_image: segment 4: paddr=000caca8 vaddr=4008b13c size=0ba0ch ( 47628) load[0m
[0;32mI (400) boot: Loaded app from partition at offset 0x10000[0m
[0;32mI (400) boot: Disabling RNG early entropy source...[0m
[0;32mI (411) cpu_start: Multicore app[0m
[0;32mI (421) cpu_start: Pro cpu start user code[0m
[0;32mI (421) cpu_start: cpu freq: 160000000 Hz[0m
[0;32mI (421) cpu_start: Application information:[0m
[0;32mI (424) cpu_start: Project name:     hello_world[0m
[0;32mI (429) cpu_start: App version:      1[0m
[0;32mI (433) cpu_start: Compile time:     Oct  8 2024 19:40:20[0m
[0;32mI (440) cpu_start: ELF file SHA256:  c27676902...[0m
[0;32mI (445) cpu_start: ESP-IDF:          v5.2.3[0m
[0;32mI (450) cpu_start: Min chip rev:     v0.0[0m
[0;32mI (454) cpu_start: Max chip rev:     v3.99 [0m
[0;32mI (459) cpu_start: Chip rev:         v1.0[0m
[0;32mI (464) heap_init: Initializing. RAM available for dynamic allocation:[0m
[0;32mI (471) heap_init: At 3FFAE6E0 len 00001920 (6 KiB): DRAM[0m
[0;32mI (477) heap_init: At 3FFB7DB8 len 00028248 (160 KiB): DRAM[0m
[0;32mI (483) heap_init: At 3FFE0440 len 00003AE0 (14 KiB): D/IRAM[0m
[0;32mI (490) heap_init: At 3FFE4350 len 0001BCB0 (111 KiB): D/IRAM[0m
[0;32mI (496) heap_init: At 40096B48 len 000094B8 (37 KiB): IRAM[0m
[0;32mI (504) spi_flash: detected chip: generic[0m
[0;32mI (507) spi_flash: flash io: dio[0m
[0;33mW (511) spi_flash: Detected size(4096k) larger than the size in the binary image header(2048k). Using the size in the binary image header.[0m
[0;32mI (525) main_task: Started on CPU0[0m
[0;32mI (535) main_task: Calling app_main()[0m
ESP_ERROR_CHECK failed: esp_err_t 0x103 (ESP_ERR_INVALID_STATE) at 0x400df1a1
file: "/IDF/components/esp_wifi/src/wifi_default.c" line 391
func: esp_netif_create_default_wifi_sta
expression: esp_wifi_set_default_wifi_sta_handlers()

abort() was called at PC 0x4008942f on core 0


Backtrace: 0x400817f6:0x3ffb9db0 0x40089439:0x3ffb9dd0 0x40090985:0x3ffb9df0 0x4008942f:0x3ffb9e60 0x400df1a1:0x3ffb9e90 0x400d6567:0x3ffb9ec0 0x400d66f2:0x3ffba090 0x40158cd3:0x3ffba0b0 0x40089f85:0x3ffba0e0




ELF file SHA256: c27676902

Rebooting...
ets Jun  8 2016 00:22:57

rst:0xc (SW_CPU_RESET),boot:0x13 (SPI_FAST_FLASH_BOOT)
configsip: 0, SPIWP:0xee
clk_drv:0x00,q_drv:0x00,d_drv:0x00,cs0_drv:0x00,hd_drv:0x00,wp_drv:0x00
mode:DIO, clock div:2
load:0x3fff0030,len:7172
load:0x40078000,len:15540
load:0x40080400,len:4
ho 8 tail 4 room 4
load:0x40080404,len:3904
entry 0x40080640
[0;32mI (30) boot: ESP-IDF v5.2.3 2nd stage bootloader[0m
[0;32mI (31) boot: compile time Oct  8 2024 19:40:23[0m
[0;32mI (31) boot: Multicore bootloader[0m
[0;32mI (35) boot: chip revision: v1.0[0m
[0;32mI (39) boot.esp32: SPI Speed      : 40MHz[0m
[0;32mI (44) boot.esp32: SPI Mode       : DIO[0m
[0;32mI (48) boot.esp32: SPI Flash Size : 2MB[0m
[0;32mI (53) boot: Enabling RNG early entropy source...[0m
[0;32mI (58) boot: Partition Table:[0m
[0;32mI (62) boot: ## Label            Usage          Type ST Offset   Length[0m
[0;32mI (69) boot:  0 nvs              WiFi data        01 02 00009000 00006000[0m
[0;32mI (76) boot:  1 phy_init         RF data          01 01 0000f000 00001000[0m
[0;32mI (84) boot:  2 factory          factory app      00 00 00010000 00100000[0m
[0;32mI (91) boot: End of partition table[0m
[0;32mI (96) esp_image: segment 0: paddr=00010020 vaddr=3f400020 size=211d0h (135632) map[0m
[0;32mI (150) esp_image: segment 1: paddr=000311f8 vaddr=3ffb0000 size=03cdch ( 15580) load[0m
[0;32mI (157) esp_image: segment 2: paddr=00034edc vaddr=40080000 size=0b13ch ( 45372) load[0m
[0;32mI (174) esp_image: segment 3: paddr=00040020 vaddr=400d0020 size=8ac80h (568448) map[0m
[0;32mI (369) esp_image: segment 4: paddr=000caca8 vaddr=4008b13c size=0ba0ch ( 47628) load[0m
[0;32mI (400) boot: Loaded app from partition at offset 0x10000[0m
[0;32mI (400) boot: Disabling RNG early entropy source...[0m
[0;32mI (411) cpu_start: Multicore app[0m
[0;32mI (421) cpu_start: Pro cpu start user code[0m
[0;32mI (421) cpu_start: cpu freq: 160000000 Hz[0m
[0;32mI (421) cpu_start: Application information:[0m
[0;32mI (424) cpu_start: Project name:     hello_world[0m
[0;32mI (429) cpu_start: App version:      1[0m
[0;32mI (433) cpu_start: Compile time:     Oct  8 2024 19:40:20[0m
[0;32mI (440) cpu_start: ELF file SHA256:  c27676902...[0m
[0;32mI (445) cpu_start: ESP-IDF:          v5.2.3[0m
[0;32mI (450) cpu_start: Min chip rev:     v0.0[0m
[0;32mI (454) cpu_start: Max chip rev:     v3.99 [0m
[0;32mI (459) cpu_start: Chip rev:         v1.0[0m
[0;32mI (464) heap_init: Initializing. RAM available for dynamic allocation:[0m
[0;32mI (471) heap_init: At 3FFAE6E0 len 00001920 (6 KiB): DRAM[0m
[0;32mI (477) heap_init: At 3FFB7DB8 len 00028248 (160 KiB): DRAM[0m
[0;32mI (483) heap_init: At 3FFE0440 len 00003AE0 (14 KiB): D/IRAM[0m
[0;32mI (490) heap_init: At 3FFE4350 len 0001BCB0 (111 KiB): D/IRAM[0m
[0;32mI (496) heap_init: At 40096B48 len 000094B8 (37 KiB): IRAM[0m
[0;32mI (504) spi_flash: detected chip: generic[0m
[0;32mI (507) spi_flash: flash io: dio[0m
[0;33mW (511) spi_flash: Detected size(4096k) larger than the size in the binary image header(2048k). Using the size in the binary image header.[0m
[0;32mI (525) main_task: Started on CPU0[0m
[0;32mI (535) main_task: Calling app_main()[0m
ESP_ERROR_CHECK failed: esp_err_t 0x103 (ESP_ERR_INVALID_STATE) at 0x400df1a1
file: "/IDF/components/esp_wifi/src/wifi_default.c" line 391
func: esp_netif_create_default_wifi_sta
expression: esp_wifi_set_default_wifi_sta_handlers()

abort() was called at PC 0x4008942f on core 0


Backtrace: 0x400817f6:0x3ffb9db0 0x40089439:0x3ffb9dd0 0x40090985:0x3ffb9df0 0x4008942f:0x3ffb9e60 0x400df1a1:0x3ffb9e90 0x400d6567:0x3ffb9ec0 0x400d66f2:0x3ffba090 0x40158cd3:0x3ffba0b0 0x40089f85:0x3ffba0e0




ELF file SHA256: c27676902

Rebooting...
ets Jun  8 2016 00:22:57

rst:0xc (SW_CPU_RESET),boot:0x13 (SPI_FAST_FLASH_BOOT)
configsip: 0, SPIWP:0xee
clk_drv:0x00,q_drv:0x00,d_drv:0x00,cs0_drv:0x00,hd_drv:0x00,wp_drv:0x00
mode:DIO, clock div:2
load:0x3fff0030,len:7172
load:0x40078000,len:15540
load:0x40080400,len:4
ho 8 tail 4 room 4
load:0x40080404,len:3904
entry 0x40080640
[0;32mI (30) boot: ESP-IDF v5.2.3 2nd stage bootloader[0m
[0;32mI (31) boot: compile time Oct  8 2024 19:40:23[0m
[0;32mI (31) boot: Multicore bootloader[0m
[0;32mI (35) boot: chip revision: v1.0[0m
[0;32mI (39) boot.esp32: SPI Speed      : 40MHz[0m
[0;32mI (44) boot.esp32: SPI Mode       : DIO[0m
[0;32mI (48) boot.esp32: SPI Flash Size : 2MB[0m
[0;32mI (53) boot: Enabling RNG early entropy source...[0m
[0;32mI (58) boot: Partition Table:[0m
[0;32mI (62) boot: ## Label            Usage          Type ST Offset   Length[0m
[0;32mI (69) boot:  0 nvs              WiFi data        01 02 00009000 00006000[0m
[0;32mI (76) boot:  1 phy_init         RF data          01 01 0000f000 00001000[0m
[0;32mI (84) boot:  2 factory          factory app      00 00 00010000 00100000[0m
[0;32mI (91) boot: End of partition table[0m
[0;32mI (96) esp_image: segment 0: paddr=00010020 vaddr=3f400020 size=211d0h (135632) map[0m
[0;32mI (150) esp_image: segment 1: paddr=000311f8 vaddr=3ffb0000 size=03cdch ( 15580) load[0m
[0;32mI (157) esp_image: segment 2: paddr=00034edc vaddr=40080000 size=0b13ch ( 45372) load[0m
[0;32mI (174) esp_image: segment 3: paddr=00040020 vaddr=400d0020 size=8ac80h (568448) map[0m
[0;32mI (369) esp_image: segment 4: paddr=000caca8 vaddr=4008b13c size=0ba0ch ( 47628) load[0m
[0;32mI (400) boot: Loaded app from partition at offset 0x10000[0m
[0;32mI (400) boot: Disabling RNG early entropy source...[0m
[0;32mI (411) cpu_start: Multicore app[0m
[0;32mI (421) cpu_start: Pro cpu start user code[0m
[0;32mI (421) cpu_start: cpu freq: 160000000 Hz[0m
[0;32mI (421) cpu_start: Application information:[0m
[0;32mI (424) cpu_start: Project name:     hello_world[0m
[0;32mI (429) cpu_start: App version:      1[0m
[0;32mI (433) cpu_start: Compile time:     Oct  8 2024 19:40:20[0m
[0;32mI (440) cpu_start: ELF file SHA256:  c27676902...[0m
[0;32mI (445) cpu_start: ESP-IDF:          v5.2.3[0m
[0;32mI (450) cpu_start: Min chip rev:     v0.0[0m
[0;32mI (454) cpu_start: Max chip rev:     v3.99 [0m
[0;32mI (459) cpu_start: Chip rev:         v1.0[0m
[0;32mI (464) heap_init: Initializing. RAM available for dynamic allocation:[0m
[0;32mI (471) heap_init: At 3FFAE6E0 len 00001920 (6 KiB): DRAM[0m
[0;32mI (477) heap_init: At 3FFB7DB8 len 00028248 (160 KiB): DRAM[0m
[0;32mI (484) heap_init: At 3FFE0440 len 00003AE0 (14 KiB): D/IRAM[0m
[0;32mI (490) heap_init: At 3FFE4350 len 0001BCB0 (111 KiB): D/IRAM[0m
[0;32mI (496) heap_init: At 40096B48 len 000094B8 (37 KiB): IRAM[0m
[0;32mI (504) spi_flash: detected chip: generic[0m
[0;32mI (507) spi_flash: flash io: dio[0m
[0;33mW (511) spi_flash: Detected size(4096k) larger than the size in the binary image header(2048k). Using the size in the binary image header.[0m
[0;32mI (525) main_task: Started on CPU0[0m
[0;32mI (535) main_task: Calling app_main()[0m
ESP_ERROR_CHECK failed: esp_err_t 0x103 (ESP_ERR_INVALID_STATE) at 0x400df1a1
file: "/IDF/components/esp_wifi/src/wifi_default.c" line 391
func: esp_netif_create_default_wifi_sta
expression: esp_wifi_set_default_wifi_sta_handlers()

abort() was called at PC 0x4008942f on core 0


Backtrace: 0x400817f6:0x3ffb9db0 0x40089439:0x3ffb9dd0 0x40090985:0x3ffb9df0 0x4008942f:0x3ffb9e60 0x400df1a1:0x3ffb9e90 0x400d6567:0x3ffb9ec0 0x400d66f2:0x3ffba090 0x40158cd3:0x3ffba0b0 0x40089f85:0x3ffba0e0




ELF file SHA256: c27676902

Rebooting...
ets Jun  8 2016 00:22:57

rst:0xc (SW_CPU_RESET),boot:0x13 (SPI_FAST_FLASH_BOOT)
configsip: 0, SPIWP:0xee
clk_drv:0x00,q_drv:0x00,d_drv:0x00,cs0_drv:0x00,hd_drv:0x00,wp_drv:0x00
mode:DIO, clock div:2
load:0x3fff0030,len:7172
load:0x40078000,len:15540
load:0x40080400,len:4
ho 8 tail 4 room 4
load:0x40080404,len:3904
entry 0x40080640
[0;32mI (30) boot: ESP-IDF v5.2.3 2nd stage bootloader[0m
[0;32mI (31) boot: compile time Oct  8 2024 19:40:23[0m
[0;32mI (31) boot: Multicore bootloader[0m
[0;32mI (35) boot: chip revision: v1.0[0m
[0;32mI (39) boot.esp32: SPI Speed      : 40MHz[0m
[0;32mI (44) boot.esp32: SPI Mode       : DIO[0m
[0;32mI (48) boot.esp32: SPI Flash Size : 2MB[0m
[0;32mI (53) boot: Enabling RNG early entropy source...[0m
[0;32mI (58) boot: Partition Table:[0m
[0;32mI (62) boot: ## Label            Usage          Type ST Offset   Length[0m
[0;32mI (69) boot:  0 nvs              WiFi data        01 02 00009000 00006000[0m
[0;32mI (76) boot:  1 phy_init         RF data          01 01 0000f000 00001000[0m
[0;32mI (84) boot:  2 factory          factory app      00 00 00010000 00100000[0m
[0;32mI (91) boot: End of partition table[0m
[0;32mI (96) esp_image: segment 0: paddr=00010020 vaddr=3f400020 size=211d0h (135632) map[0m
[0;32mI (150) esp_image: segment 1: paddr=000311f8 vaddr=3ffb0000 size=03cdch ( 15580) load[0m
[0;32mI (157) esp_image: segment 2: paddr=00034edc vaddr=40080000 size=0b13ch ( 45372) load[0m
[0;32mI (174) esp_image: segment 3: paddr=00040020 vaddr=400d0020 size=8ac80h (568448) map[0m
[0;32mI (369) esp_image: segment 4: paddr=000caca8 vaddr=4008b13c size=0ba0ch ( 47628) load[0m
[0;32mI (400) boot: Loaded app from partition at offset 0x10000[0m
[0;32mI (400) boot: Disabling RNG early entropy source...[0m
[0;32mI (411) cpu_start: Multicore app[0m
[0;32mI (421) cpu_start: Pro cpu start user code[0m
[0;32mI (421) cpu_start: cpu freq: 160000000 Hz[0m
[0;32mI (421) cpu_start: Application information:[0m
[0;32mI (424) cpu_start: Project name:     hello_world[0m
[0;32mI (429) cpu_start: App version:      1[0m
[0;32mI (433) cpu_start: Compile time:     Oct  8 2024 19:40:20[0m
[0;32mI (440) cpu_start: ELF file SHA256:  c27676902...[0m
[0;32mI (445) cpu_start: ESP-IDF:          v5.2.3[0m
[0;32mI (450) cpu_start: Min chip rev:     v0.0[0m
[0;32mI (454) cpu_start: Max chip rev:     v3.99 [0m
[0;32mI (459) cpu_start: Chip rev:         v1.0[0m
[0;32mI (464) heap_init: Initializing. RAM available for dynamic allocation:[0m
[0;32mI (471) heap_init: At 3FFAE6E0 len 00001920 (6 KiB): DRAM[0m
[0;32mI (477) heap_init: At 3FFB7DB8 len 00028248 (160 KiB): DRAM[0m
[0;32mI (484) heap_init: At 3FFE0440 len 00003AE0 (14 KiB): D/IRAM[0m
[0;32mI (490) heap_init: At 3FFE4350 len 0001BCB0 (111 KiB): D/IRAM[0m
[0;32mI (496) heap_init: At 40096B48 len 000094B8 (37 KiB): IRAM[0m
[0;32mI (504) spi_flash: detected chip: generic[0m
[0;32mI (507) spi_flash: flash io: dio[0m
[0;33mW (511) spi_flash: Detected size(4096k) larger than the size in the binary image header(2048k). Using the size in the binary image header.[0m
[0;32mI (525) main_task: Started on CPU0[0m
[0;32mI (535) main_task: Calling app_main()[0m
ESP_ERROR_CHECK failed: esp_err_t 0x103 (ESP_ERR_INVALID_STATE) at 0x400df1a1
file: "/IDF/components/esp_wifi/src/wifi_default.c" line 391
func: esp_netif_create_default_wifi_sta
expression: esp_wifi_set_default_wifi_sta_handlers()

abort() was called at PC 0x4008942f on core 0


Backtrace: 0x400817f6:0x3ffb9db0 0x40089439:0x3ffb9dd0 0x40090985:0x3ffb9df0 0x4008942f:0x3ffb9e60 0x400df1a1:0x3ffb9e90 0x400d6567:0x3ffb9ec0 0x400d66f2:0x3ffba090 0x40158cd3:0x3ffba0b0 0x40089f85:0x3ffba0e0




ELF file SHA256: c27676902

Rebooting...
ets Jun  8 2016 00:22:57

rst:0xc (SW_CPU_RESET),boot:0x13 (SPI_FAST_FLASH_BOOT)
configsip: 0, SPIWP:0xee
clk_drv:0x00,q_drv:0x00,d_drv:0x00,cs0_drv:0x00,hd_drv:0x00,wp_drv:0x00
mode:DIO, clock div:2
load:0x3fff0030,len:7172
load:0x40078000,len:15540
load:0x40080400,len:4
ho 8 tail 4 room 4
load:0x40080404,len:3904
entry 0x40080640
[0;32mI (30) boot: ESP-IDF v5.2.3 2nd stage bootloader[0m
[0;32mI (31) boot: compile time Oct  8 2024 19:40:23[0m
[0;32mI (31) boot: Multicore bootloader[0m
[0;32mI (35) boot: chip revision: v1.0[0m
[0;32mI (39) boot.esp32: SPI Speed      : 40MHz[0m
[0;32mI (44) boot.esp32: SPI Mode       : DIO[0m
[0;32mI (48) boot.esp32: SPI Flash Size : 2MB[0m
[0;32mI (53) boot: Enabling RNG early entropy source...[0m
[0;32mI (58) boot: Partition Table:[0m
[0;32mI (62) boot: ## Label            Usage          Type ST Offset   Length[0m
[0;32mI (69) boot:  0 nvs              WiFi data        01 02 00009000 00006000[0m
[0;32mI (76) boot:  1 phy_init         RF data          01 01 0000f000 00001000[0m
[0;32mI (84) boot:  2 factory          factory app      00 00 00010000 00100000[0m
[0;32mI (91) boot: End of partition table[0m
[0;32mI (96) esp_image: segment 0: paddr=00010020 vaddr=3f400020 size=211d0h (135632) map[0m
[0;32mI (150) esp_image: segment 1: paddr=000311f8 vaddr=3ffb0000 size=03cdch ( 15580) load[0m
[0;32mI (157) esp_image: segment 2: paddr=00034edc vaddr=40080000 size=0b13ch ( 45372) load[0m
[0;32mI (174) esp_image: segment 3: paddr=00040020 vaddr=400d0020 size=8ac80h (568448) map[0m
[0;32mI (369) esp_image: segment 4: paddr=000caca8 vaddr=4008b13c size=0ba0ch ( 47628) load[0m
[0;32mI (400) boot: Loaded app from partition at offset 0x10000[0m
[0;32mI (400) boot: Disabling RNG early entropy source...[0m
[0;32mI (411) cpu_start: Multicore app[0m
[0;32mI (421) cpu_start: Pro cpu start user code[0m
[0;32mI (421) cpu_start: cpu freq: 160000000 Hz[0m
[0;32mI (421) cpu_start: Application information:[0m
[0;32mI (424) cpu_start: Project name:     hello_world[0m
[0;32mI (429) cpu_start: App version:      1[0m
[0;32mI (433) cpu_start: Compile time:     Oct  8 2024 19:40:20[0m
[0;32mI (440) cpu_start: ELF file SHA256:  c27676902...[0m
[0;32mI (445) cpu_start: ESP-IDF:          v5.2.3[0m
[0;32mI (450) cpu_start: Min chip rev:     v0.0[0m
[0;32mI (454) cpu_start: Max chip rev:     v3.99 [0m
[0;32mI (459) cpu_start: Chip rev:         v1.0[0m
[0;32mI (464) heap_init: Initializing. RAM available for dynamic allocation:[0m
[0;32mI (471) heap_init: At 3FFAE6E0 len 00001920 (6 KiB): DRAM[0m
[0;32mI (477) heap_init: At 3FFB7DB8 len 00028248 (160 KiB): DRAM[0m
[0;32mI (483) heap_init: At 3FFE0440 len 00003AE0 (14 KiB): D/IRAM[0m
[0;32mI (490) heap_init: At 3FFE4350 len 0001BCB0 (111 KiB): D/IRAM[0m
[0;32mI (496) heap_init: At 40096B48 len 000094B8 (37 KiB): IRAM[0m
[0;32mI (504) spi_flash: detected chip: generic[0m
[0;32mI (507) spi_flash: flash io: dio[0m
[0;33mW (511) spi_flash: Detected size(4096k) larger than the size in the binary image header(2048k). Using the size in the binary image header.[0m
[0;32mI (525) main_task: Started on CPU0[0m
[0;32mI (535) main_task: Calling app_main()[0m
ESP_ERROR_CHECK failed: esp_err_t 0x103 (ESP_ERR_INVALID_STATE) at 0x400df1a1
file: "/IDF/components/esp_wifi/src/wifi_default.c" line 391
func: esp_netif_create_default_wifi_sta
expression: esp_wifi_set_default_wifi_sta_handlers()

abort() was called at PC 0x4008942f on core 0


Backtrace: 0x400817f6:0x3ffb9db0 0x40089439:0x3ffb9dd0 0x40090985:0x3ffb9df0 0x4008942f:0x3ffb9e60 0x400df1a1:0x3ffb9e90 0x400d6567:0x3ffb9ec0 0x400d66f2:0x3ffba090 0x40158cd3:0x3ffba0b0 0x40089f85:0x3ffba0e0




ELF file SHA256: c27676902

Rebooting...
ets Jun  8 2016 00:22:57

rst:0xc (SW_CPU_RESET),boot:0x13 (SPI_FAST_FLASH_BOOT)
configsip: 0, SPIWP:0xee
clk_drv:0x00,q_drv:0x00,d_drv:0x00,cs0_drv:0x00,hd_drv:0x00,wp_drv:0x00
mode:DIO, clock div:2
load:0x3fff0030,len:7172
load:0x40078000,len:15540
load:0x40080400,len:4
ho 8 tail 4 room 4
load:0x40080404,len:3904
entry 0x40080640
[0;32mI (30) boot: ESP-IDF v5.2.3 2nd stage bootloader[0m
[0;32mI (31) boot: compile time Oct  8 2024 19:40:23[0m
[0;32mI (31) boot: Multicore bootloader[0m
[0;32mI (35) boot: chip revision: v1.0[0m
[0;32mI (39) boot.esp32: SPI Speed      : 40MHz[0m
[0;32mI (44) boot.esp32: SPI Mode       : DIO[0m
[0;32mI (48) boot.esp32: SPI Flash Size : 2MB[0m
[0;32mI (53) boot: Enabling RNG early entropy source...[0m
[0;32mI (58) boot: Partition Table:[0m
[0;32mI (62) boot: ## Label            Usage          Type ST Offset   Length[0m
[0;32mI (69) boot:  0 nvs              WiFi data        01 02 00009000 00006000[0m
[0;32mI (76) boot:  1 phy_init         RF data          01 01 0000f000 00001000[0m
[0;32mI (84) boot:  2 factory          factory app      00 00 00010000 00100000[0m
[0;32mI (91) boot: End of partition table[0m
[0;32mI (96) esp_image: segment 0: paddr=00010020 vaddr=3f400020 size=211d0h (135632) map[0m
[0;32mI (150) esp_image: segment 1: paddr=000311f8 vaddr=3ffb0000 size=03cdch ( 15580) load[0m
[0;32mI (157) esp_image: segment 2: paddr=00034edc vaddr=40080000 size=0b13ch ( 45372) load[0m
[0;32mI (174) esp_image: segment 3: paddr=00040020 vaddr=400d0020 size=8ac80h (568448) map[0m
[0;32mI (369) esp_image: segment 4: paddr=000caca8 vaddr=4008b13c size=0ba0ch ( 47628) load[0m
[0;32mI (400) boot: Loaded app from partition at offset 0x10000[0m
[0;32mI (400) boot: Disabling RNG early entropy source...[0m
[0;32mI (411) cpu_start: Multicore app[0m
[0;32mI (421) cpu_start: Pro cpu start user code[0m
[0;32mI (421) cpu_start: cpu freq: 160000000 Hz[0m
[0;32mI (421) cpu_start: Application information:[0m
[0;32mI (424) cpu_start: Project name:     hello_world[0m
[0;32mI (429) cpu_start: App version:      1[0m
[0;32mI (433) cpu_start: Compile time:     Oct  8 2024 19:40:20[0m
[0;32mI (440) cpu_start: ELF file SHA256:  c27676902...[0m
[0;32mI (445) cpu_start: ESP-IDF:          v5.2.3[0m
[0;32mI (450) cpu_start: Min chip rev:     v0.0[0m
[0;32mI (454) cpu_start: Max chip rev:     v3.99 [0m
[0;32mI (459) cpu_start: Chip rev:         v1.0[0m
[0;32mI (464) heap_init: Initializing. RAM available for dynamic allocation:[0m
[0;32mI (471) heap_init: At 3FFAE6E0 len 00001920 (6 KiB): DRAM[0m
[0;32mI (477) heap_init: At 3FFB7DB8 len 00028248 (160 KiB): DRAM[0m
[0;32mI (483) heap_init: At 3FFE0440 len 00003AE0 (14 KiB): D/IRAM[0m
[0;32mI (490) heap_init: At 3FFE4350 len 0001BCB0 (111 KiB): D/IRAM[0m
[0;32mI (496) heap_init: At 40096B48 len 000094B8 (37 KiB): IRAM[0m
[0;32mI (504) spi_flash: detected chip: generic[0m
[0;32mI (507) spi_flash: flash io: dio[0m
[0;33mW (511) spi_flash: Detected size(4096k) larger than the size in the binary image header(2048k). Using the size in the binary image header.[0m
[0;32mI (525) main_task: Started on CPU0[0m
[0;32mI (535) main_task: Calling app_main()[0m
ESP_ERROR_CHECK failed: esp_err_t 0x103 (ESP_ERR_INVALID_STATE) at 0x400df1a1
file: "/IDF/components/esp_wifi/src/wifi_default.c" line 391
func: esp_netif_create_default_wifi_sta
expression: esp_wifi_set_default_wifi_sta_handlers()

abort() was called at PC 0x4008942f on core 0


Backtrace: 0x400817f6:0x3ffb9db0 0x40089439:0x3ffb9dd0 0x40090985:0x3ffb9df0 0x4008942f:0x3ffb9e60 0x400df1a1:0x3ffb9e90 0x400d6567:0x3ffb9ec0 0x400d66f2:0x3ffba090 0x40158cd3:0x3ffba0b0 0x40089f85:0x3ffba0e0




ELF file SHA256: c27676902

Rebooting...
ets Jun  8 2016 00:22:57

rst:0xc (SW_CPU_RESET),boot:0x13 (SPI_FAST_FLASH_BOOT)
configsip: 0, SPIWP:0xee
clk_drv:0x00,q_drv:0x00,d_drv:0x00,cs0_drv:0x00,hd_drv:0x00,wp_drv:0x00
mode:DIO, clock div:2
load:0x3fff0030,len:7172
load:0x40078000,len:15540
load:0x40080400,len:4
ho 8 tail 4 room 4
load:0x40080404,len:3904
entry 0x40080640
[0;32mI (30) boot: ESP-IDF v5.2.3 2nd stage bootloader[0m
[0;32mI (31) boot: compile time Oct  8 2024 19:40:23[0m
[0;32mI (31) boot: Multicore bootloader[0m
[0;32mI (35) boot: chip revision: v1.0[0m
[0;32mI (39) boot.esp32: SPI Speed      : 40MHz[0m
[0;32mI (44) boot.esp32: SPI Mode       : DIO[0m
[0;32mI (48) boot.esp32: SPI Flash Size : 2MB[0m
[0;32mI (53) boot: Enabling RNG early entropy source...[0m
[0;32mI (58) boot: Partition Table:[0m
[0;32mI (62) boot: ## Label            Usage          Type ST Offset   Length[0m
[0;32mI (69) boot:  0 nvs              WiFi data        01 02 00009000 00006000[0m
[0;32mI (76) boot:  1 phy_init         RF data          01 01 0000f000 00001000[0m
[0;32mI (84) boot:  2 factory          factory app      00 00 00010000 00100000[0m
[0;32mI (91) boot: End of partition table[0m
[0;32mI (96) esp_image: segment 0: paddr=00010020 vaddr=3f400020 size=211d0h (135632) map[0m
[0;32mI (150) esp_image: segment 1: paddr=000311f8 vaddr=3ffb0000 size=03cdch ( 15580) load[0m
[0;32mI (157) esp_image: segment 2: paddr=00034edc vaddr=40080000 size=0b13ch ( 45372) load[0m
[0;32mI (174) esp_image: segment 3: paddr=00040020 vaddr=400d0020 size=8ac80h (568448) map[0m
[0;32mI (369) esp_image: segment 4: paddr=000caca8 vaddr=4008b13c size=0ba0ch ( 47628) load[0m
[0;32mI (400) boot: Loaded app from partition at offset 0x10000[0m
[0;32mI (400) boot: Disabling RNG early entropy source...[0m
[0;32mI (411) cpu_start: Multicore app[0m
[0;32mI (421) cpu_start: Pro cpu start user code[0m
[0;32mI (421) cpu_start: cpu freq: 160000000 Hz[0m
[0;32mI (421) cpu_start: Application information:[0m
[0;32mI (424) cpu_start: Project name:     hello_world[0m
[0;32mI (429) cpu_start: App version:      1[0m
[0;32mI (433) cpu_start: Compile time:     Oct  8 2024 19:40:20[0m
[0;32mI (440) cpu_start: ELF file SHA256:  c27676902...[0m
[0;32mI (445) cpu_start: ESP-IDF:          v5.2.3[0m
[0;32mI (450) cpu_start: Min chip rev:     v0.0[0m
[0;32mI (454) cpu_start: Max chip rev:     v3.99 [0m
[0;32mI (459) cpu_start: Chip rev:         v1.0[0m
[0;32mI (464) heap_init: Initializing. RAM available for dynamic allocation:[0m
[0;32mI (471) heap_init: At 3FFAE6E0 len 00001920 (6 KiB): DRAM[0m
[0;32mI (477) heap_init: At 3FFB7DB8 len 00028248 (160 KiB): DRAM[0m
[0;32mI (483) heap_init: At 3FFE0440 len 00003AE0 (14 KiB): D/IRAM[0m
[0;32mI (490) heap_init: At 3FFE4350 len 0001BCB0 (111 KiB): D/IRAM[0m
[0;32mI (496) heap_init: At 40096B48 len 000094B8 (37 KiB): IRAM[0m
[0;32mI (504) spi_flash: detected chip: generic[0m
[0;32mI (507) spi_flash: flash io: dio[0m
[0;33mW (511) spi_flash: Detected size(4096k) larger than the size in the binary image header(2048k). Using the size in the binary image header.[0m
[0;32mI (525) main_task: Started on CPU0[0m
[0;32mI (535) main_task: Calling app_main()[0m
ESP_ERROR_CHECK failed: esp_err_t 0x103 (ESP_ERR_INVALID_STATE) at 0x400df1a1
file: "/IDF/components/esp_wifi/src/wifi_default.c" line 391
func: esp_netif_create_default_wifi_sta
expression: esp_wifi_set_default_wifi_sta_handlers()

abort() was called at PC 0x4008942f on core 0


Backtrace: 0x400817f6:0x3ffb9db0 0x40089439:0x3ffb9dd0 0x40090985:0x3ffb9df0 0x4008942f:0x3ffb9e60 0x400df1a1:0x3ffb9e90 0x400d6567:0x3ffb9ec0 0x400d66f2:0x3ffba090 0x40158cd3:0x3ffba0b0 0x40089f85:0x3ffba0e0




ELF file SHA256: c27676902

Rebooting...
ets Jun  8 2016 00:22:57

rst:0xc (SW_CPU_RESET),boot:0x13 (SPI_FAST_FLASH_BOOT)
configsip: 0, SPIWP:0xee
clk_drv:0x00,q_drv:0x00,d_drv:0x00,cs0_drv:0x00,hd_drv:0x00,wp_drv:0x00
mode:DIO, clock div:2
load:0x3fff0030,len:7172
load:0x40078000,len:15540
load:0x40080400,len:4
ho 8 tail 4 room 4
load:0x40080404,len:3904
entry 0x40080640
[0;32mI (30) boot: ESP-IDF v5.2.3 2nd stage bootloader[0m
[0;32mI (31) boot: compile time Oct  8 2024 19:40:23[0m
[0;32mI (31) boot: Multicore bootloader[0m
[0;32mI (35) boot: chip revision: v1.0[0m
[0;32mI (39) boot.esp32: SPI Speed      : 40MHz[0m
[0;32mI (44) boot.esp32: SPI Mode       : DIO[0m
[0;32mI (48) boot.esp32: SPI Flash Size : 2MB[0m
[0;32mI (53) boot: Enabling RNG early entropy source...[0m
[0;32mI (58) boot: Partition Table:[0m
[0;32mI (62) boot: ## Label            Usage          Type ST Offset   Length[0m
[0;32mI (69) boot:  0 nvs              WiFi data        01 02 00009000 00006000[0m
[0;32mI (76) boot:  1 phy_init         RF data          01 01 0000f000 00001000[0m
[0;32mI (84) boot:  2 factory          factory app      00 00 00010000 00100000[0m
[0;32mI (91) boot: End of partition table[0m
[0;32mI (96) esp_image: segment 0: paddr=00010020 vaddr=3f400020 size=211d0h (135632) map[0m
[0;32mI (150) esp_image: segment 1: paddr=000311f8 vaddr=3ffb0000 size=03cdch ( 15580) load[0m
[0;32mI (157) esp_image: segment 2: paddr=00034edc vaddr=40080000 size=0b13ch ( 45372) load[0m
[0;32mI (174) esp_image: segment 3: paddr=00040020 vaddr=400d0020 size=8ac80h (568448) map[0m
[0;32mI (369) esp_image: segment 4: paddr=000caca8 vaddr=4008b13c size=0ba0ch ( 47628) load[0m
[0;32mI (400) boot: Loaded app from partition at offset 0x10000[0m
[0;32mI (400) boot: Disabling RNG early entropy source...[0m
[0;32mI (411) cpu_start: Multicore app[0m
[0;32mI (421) cpu_start: Pro cpu start user code[0m
[0;32mI (421) cpu_start: cpu freq: 160000000 Hz[0m
[0;32mI (421) cpu_start: Application information:[0m
[0;32mI (424) cpu_start: Project name:     hello_world[0m
[0;32mI (429) cpu_start: App version:      1[0m
[0;32mI (433) cpu_start: Compile time:     Oct  8 2024 19:40:20[0m
[0;32mI (440) cpu_start: ELF file SHA256:  c27676902...[0m
[0;32mI (445) cpu_start: ESP-IDF:          v5.2.3[0m
[0;32mI (450) cpu_start: Min chip rev:     v0.0[0m
[0;32mI (454) cpu_start: Max chip rev:     v3.99 [0m
[0;32mI (459) cpu_start: Chip rev:         v1.0[0m
[0;32mI (464) heap_init: Initializing. RAM available for dynamic allocation:[0m
[0;32mI (471) heap_init: At 3FFAE6E0 len 00001920 (6 KiB): DRAM[0m
[0;32mI (477) heap_init: At 3FFB7DB8 len 00028248 (160 KiB): DRAM[0m
[0;32mI (484) heap_init: At 3FFE0440 len 00003AE0 (14 KiB): D/IRAM[0m
[0;32mI (490) heap_init: At 3FFE4350 len 0001BCB0 (111 KiB): D/IRAM[0m
[0;32mI (496) heap_init: At 40096B48 len 000094B8 (37 KiB): IRAM[0m
[0;32mI (504) spi_flash: detected chip: generic[0m
[0;32mI (507) spi_flash: flash io: dio[0m
[0;33mW (511) spi_flash: Detected size(4096k) larger than the size in the binary image header(2048k). Using the size in the binary image header.[0m
[0;32mI (525) main_task: Started on CPU0[0m
[0;32mI (535) main_task: Calling app_main()[0m
ESP_ERROR_CHECK failed: esp_err_t 0x103 (ESP_ERR_INVALID_STATE) at 0x400df1a1
file: "/IDF/components/esp_wifi/src/wifi_default.c" line 391
func: esp_netif_create_default_wifi_sta
expression: esp_wifi_set_default_wifi_sta_handlers()

abort() was called at PC 0x4008942f on core 0


Backtrace: 0x400817f6:0x3ffb9db0 0x40089439:0x3ffb9dd0 0x40090985:0x3ffb9df0 0x4008942f:0x3ffb9e60 0x400df1a1:0x3ffb9e90 0x400d6567:0x3ffb9ec0 0x400d66f2:0x3ffba090 0x40158cd3:0x3ffba0b0 0x40089f85:0x3ffba0e0




ELF file SHA256: c27676902

Rebooting...
ets Jun  8 2016 00:22:57

rst:0xc (SW_CPU_RESET),boot:0x13 (SPI_FAST_FLASH_BOOT)
configsip: 0, SPIWP:0xee
clk_drv:0x00,q_drv:0x00,d_drv:0x00,cs0_drv:0x00,hd_drv:0x00,wp_drv:0x00
mode:DIO, clock div:2
load:0x3fff0030,len:7172
load:0x40078000,len:15540
load:0x40080400,len:4
ho 8 tail 4 room 4
load:0x40080404,len:3904
entry 0x40080640
[0;32mI (30) boot: ESP-IDF v5.2.3 2nd stage bootloader[0m
[0;32mI (31) boot: compile time Oct  8 2024 19:40:23[0m
[0;32mI (31) boot: Multicore bootloader[0m
[0;32mI (35) boot: chip revision: v1.0[0m
[0;32mI (39) boot.esp32: SPI Speed      : 40MHz[0m
[0;32mI (44) boot.esp32: SPI Mode       : DIO[0m
[0;32mI (48) boot.esp32: SPI Flash Size : 2MB[0m
[0;32mI (53) boot: Enabling RNG early entropy source...[0m
[0;32mI (58) boot: Partition Table:[0m
[0;32mI (62) boot: ## Label            Usage          Type ST Offset   Length[0m
[0;32mI (69) boot:  0 nvs              WiFi data        01 02 00009000 00006000[0m
[0;32mI (76) boot:  1 phy_init         RF data          01 01 0000f000 00001000[0m
[0;32mI (84) boot:  2 factory          factory app      00 00 00010000 00100000[0m
[0;32mI (91) boot: End of partition table[0m
[0;32mI (96) esp_image: segment 0: paddr=00010020 vaddr=3f400020 size=211d0h (135632) map[0m
[0;32mI (150) esp_image: segment 1: paddr=000311f8 vaddr=3ffb0000 size=03cdch ( 15580) load[0m
[0;32mI (157) esp_image: segment 2: paddr=00034edc vaddr=40080000 size=0b13ch ( 45372) load[0m
[0;32mI (174) esp_image: segment 3: paddr=00040020 vaddr=400d0020 size=8ac80h (568448) map[0m
[0;32mI (369) esp_image: segment 4: paddr=000caca8 vaddr=4008b13c size=0ba0ch ( 47628) load[0m
[0;32mI (400) boot: Loaded app from partition at offset 0x10000[0m
[0;32mI (400) boot: Disabling RNG early entropy source...[0m
[0;32mI (411) cpu_start: Multicore app[0m
[0;32mI (421) cpu_start: Pro cpu start user code[0m
[0;32mI (421) cpu_start: cpu freq: 160000000 Hz[0m
[0;32mI (421) cpu_start: Application information:[0m
[0;32mI (424) cpu_start: Project name:     hello_world[0m
[0;32mI (429) cpu_start: App version:      1[0m
[0;32mI (433) cpu_start: Compile time:     Oct  8 2024 19:40:20[0m
[0;32mI (440) cpu_start: ELF file SHA256:  c27676902...[0m
[0;32mI (445) cpu_start: ESP-IDF:          v5.2.3[0m
[0;32mI (450) cpu_start: Min chip rev:     v0.0[0m
[0;32mI (454) cpu_start: Max chip rev:     v3.99 [0m
[0;32mI (459) cpu_start: Chip rev:         v1.0[0m
[0;32mI (464) heap_init: Initializing. RAM available for dynamic allocation:[0m
[0;32mI (471) heap_init: At 3FFAE6E0 len 00001920 (6 KiB): DRAM[0m
[0;32mI (477) heap_init: At 3FFB7DB8 len 00028248 (160 KiB): DRAM[0m
[0;32mI (483) heap_init: At 3FFE0440 len 00003AE0 (14 KiB): D/IRAM[0m
[0;32mI (490) heap_init: At 3FFE4350 len 0001BCB0 (111 KiB): D/IRAM[0m
[0;32mI (496) heap_init: At 40096B48 len 000094B8 (37 KiB): IRAM[0m
[0;32mI (504) spi_flash: detected chip: generic[0m
[0;32mI (507) spi_flash: flash io: dio[0m
[0;33mW (511) spi_flash: Detected size(4096k) larger than the size in the binary image header(2048k). Using the size in the binary image header.[0m
[0;32mI (525) main_task: Started on CPU0[0m
[0;32mI (535) main_task: Calling app_main()[0m
ESP_ERROR_CHECK failed: esp_err_t 0x103 (ESP_ERR_INVALID_STATE) at 0x400df1a1
file: "/IDF/components/esp_wifi/src/wifi_default.c" line 391
func: esp_netif_create_default_wifi_sta
expression: esp_wifi_set_default_wifi_sta_handlers()

abort() was called at PC 0x4008942f on core 0


Backtrace: 0x400817f6:0x3ffb9db0 0x40089439:0x3ffb9dd0 0x40090985:0x3ffb9df0 0x4008942f:0x3ffb9e60 0x400df1a1:0x3ffb9e90 0x400d6567:0x3ffb9ec0 0x400d66f2:0x3ffba090 0x40158cd3:0x3ffba0b0 0x40089f85:0x3ffba0e0




ELF file SHA256: c27676902

Rebooting...
ets Jun  8 2016 00:22:57

rst:0xc (SW_CPU_RESET),boot:0x13 (SPI_FAST_FLASH_BOOT)
configsip: 0, SPIWP:0xee
clk_drv:0x00,q_drv:0x00,d_drv:0x00,cs0_drv:0x00,hd_drv:0x00,wp_drv:0x00
mode:DIO, clock div:2
load:0x3fff0030,len:7172
load:0x40078000,len:15540
load:0x40080400,len:4
ho 8 tail 4 room 4
load:0x40080404,len:3904
entry 0x40080640
[0;32mI (30) boot: ESP-IDF v5.2.3 2nd stage bootloader[0m
[0;32mI (31) boot: compile time Oct  8 2024 19:40:23[0m
[0;32mI (31) boot: Multicore bootloader[0m
[0;32mI (35) boot: chip revision: v1.0[0m
[0;32mI (39) boot.esp32: SPI Speed      : 40MHz[0m
[0;32mI (44) boot.esp32: SPI Mode       : DIO[0m
[0;32mI (48) boot.esp32: SPI Flash Size : 2MB[0m
[0;32mI (53) boot: Enabling RNG early entropy source...[0m
[0;32mI (58) boot: Partition Table:[0m
[0;32mI (62) boot: ## Label            Usage          Type ST Offset   Length[0m
[0;32mI (69) boot:  0 nvs              WiFi data        01 02 00009000 00006000[0m
[0;32mI (76) boot:  1 phy_init         RF data          01 01 0000f000 00001000[0m
[0;32mI (84) boot:  2 factory          factory app      00 00 00010000 00100000[0m
[0;32mI (91) boot: End of partition table[0m
[0;32mI (96) esp_image: segment 0: paddr=00010020 vaddr=3f400020 size=211d0h (135632) map[0m
[0;32mI (150) esp_image: segment 1: paddr=000311f8 vaddr=3ffb0000 size=03cdch ( 15580) load[0m
[0;32mI (157) esp_image: segment 2: paddr=00034edc vaddr=40080000 size=0b13ch ( 45372) load[0m
[0;32mI (174) esp_image: segment 3: paddr=00040020 vaddr=400d0020 size=8ac80h (568448) map[0m
[0;32mI (369) esp_image: segment 4: paddr=000caca8 vaddr=4008b13c size=0ba0ch ( 47628) load[0m
[0;32mI (400) boot: Loaded app from partition at offset 0x10000[0m
[0;32mI (400) boot: Disabling RNG early entropy source...[0m
[0;32mI (411) cpu_start: Multicore app[0m
[0;32mI (421) cpu_start: Pro cpu start user code[0m
[0;32mI (421) cpu_start: cpu freq: 160000000 Hz[0m
[0;32mI (421) cpu_start: Application information:[0m
[0;32mI (424) cpu_start: Project name:     hello_world[0m
[0;32mI (429) cpu_start: App version:      1[0m
[0;32mI (433) cpu_start: Compile time:     Oct  8 2024 19:40:20[0m
[0;32mI (440) cpu_start: ELF file SHA256:  c27676902...[0m
[0;32mI (445) cpu_start: ESP-IDF:          v5.2.3[0m
[0;32mI (450) cpu_start: Min chip rev:     v0.0[0m
[0;32mI (454) cpu_start: Max chip rev:     v3.99 [0m
[0;32mI (459) cpu_start: Chip rev:         v1.0[0m
[0;32mI (464) heap_init: Initializing. RAM available for dynamic allocation:[0m
[0;32mI (471) heap_init: At 3FFAE6E0 len 00001920 (6 KiB): DRAM[0m
[0;32mI (477) heap_init: At 3FFB7DB8 len 00028248 (160 KiB): DRAM[0m
[0;32mI (483) heap_init: At 3FFE0440 len 00003AE0 (14 KiB): D/IRAM[0m
[0;32mI (490) heap_init: At 3FFE4350 len 0001BCB0 (111 KiB): D/IRAM[0m
[0;32mI (496) heap_init: At 40096B48 len 000094B8 (37 KiB): IRAM[0m
[0;32mI (504) spi_flash: detected chip: generic[0m
[0;32mI (507) spi_flash: flash io: dio[0m
[0;33mW (511) spi_flash: Detected size(4096k) larger than the size in the binary image header(2048k). Using the size in the binary image header.[0m
[0;32mI (525) main_task: Started on CPU0[0m
[0;32mI (535) main_task: Calling app_main()[0m
ESP_ERROR_CHECK failed: esp_err_t 0x103 (ESP_ERR_INVALID_STATE) at 0x400df1a1
file: "/IDF/components/esp_wifi/src/wifi_default.c" line 391
func: esp_netif_create_default_wifi_sta
expression: esp_wifi_set_default_wifi_sta_handlers()

abort() was called at PC 0x4008942f on core 0


Backtrace: 0x400817f6:0x3ffb9db0 0x40089439:0x3ffb9dd0 0x40090985:0x3ffb9df0 0x4008942f:0x3ffb9e60 0x400df1a1:0x3ffb9e90 0x400d6567:0x3ffb9ec0 0x400d66f2:0x3ffba090 0x40158cd3:0x3ffba0b0 0x40089f85:0x3ffba0e0




ELF file SHA256: c27676902

Rebooting...
ets Jun  8 2016 00:22:57

rst:0xc (SW_CPU_RESET),boot:0x13 (SPI_FAST_FLASH_BOOT)
configsip: 0, SPIWP:0xee
clk_drv:0x00,q_drv:0x00,d_drv:0x00,cs0_drv:0x00,hd_drv:0x00,wp_drv:0x00
mode:DIO, clock div:2
load:0x3fff0030,len:7172
load:0x40078000,len:15540
load:0x40080400,len:4
ho 8 tail 4 room 4
load:0x40080404,len:3904
entry 0x40080640
[0;32mI (30) boot: ESP-IDF v5.2.3 2nd stage bootloader[0m
[0;32mI (31) boot: compile time Oct  8 2024 19:40:23[0m
[0;32mI (31) boot: Multicore bootloader[0m
[0;32mI (35) boot: chip revision: v1.0[0m
[0;32mI (39) boot.esp32: SPI Speed      : 40MHz[0m
[0;32mI (44) boot.esp32: SPI Mode       : DIO[0m
[0;32mI (48) boot.esp32: SPI Flash Size : 2MB[0m
[0;32mI (53) boot: Enabling RNG early entropy source...[0m
[0;32mI (58) boot: Partition Table:[0m
[0;32mI (62) boot: ## Label            Usage          Type ST Offset   Length[0m
[0;32mI (69) boot:  0 nvs              WiFi data        01 02 00009000 00006000[0m
[0;32mI (76) boot:  1 phy_init         RF data          01 01 0000f000 00001000[0m
[0;32mI (84) boot:  2 factory          factory app      00 00 00010000 00100000[0m
[0;32mI (91) boot: End of partition table[0m
[0;32mI (96) esp_image: segment 0: paddr=00010020 vaddr=3f400020 size=211d0h (135632) map[0m
[0;32mI (150) esp_image: segment 1: paddr=000311f8 vaddr=3ffb0000 size=03cdch ( 15580) load[0m
[0;32mI (157) esp_image: segment 2: paddr=00034edc vaddr=40080000 size=0b13ch ( 45372) load[0m
[0;32mI (174) esp_image: segment 3: paddr=00040020 vaddr=400d0020 size=8ac80h (568448) map[0m
[0;32mI (369) esp_image: segment 4: paddr=000caca8 vaddr=4008b13c size=0ba0ch ( 47628) load[0m
[0;32mI (400) boot: Loaded app from partition at offset 0x10000[0m
[0;32mI (400) boot: Disabling RNG early entropy source...[0m
[0;32mI (411) cpu_start: Multicore app[0m
[0;32mI (421) cpu_start: Pro cpu start user code[0m
[0;32mI (421) cpu_start: cpu freq: 160000000 Hz[0m
[0;32mI (421) cpu_start: Application information:[0m
[0;32mI (424) cpu_start: Project name:     hello_world[0m
[0;32mI (429) cpu_start: App version:      1[0m
[0;32mI (433) cpu_start: Compile time:     Oct  8 2024 19:40:20[0m
[0;32mI (440) cpu_start: ELF file SHA256:  c27676902...[0m
[0;32mI (445) cpu_start: ESP-IDF:          v5.2.3[0m
[0;32mI (450) cpu_start: Min chip rev:     v0.0[0m
[0;32mI (454) cpu_start: Max chip rev:     v3.99 [0m
[0;32mI (459) cpu_start: Chip rev:         v1.0[0m
[0;32mI (464) heap_init: Initializing. RAM available for dynamic allocation:[0m
[0;32mI (471) heap_init: At 3FFAE6E0 len 00001920 (6 KiB): DRAM[0m
[0;32mI (477) heap_init: At 3FFB7DB8 len 00028248 (160 KiB): DRAM[0m
[0;32mI (484) heap_init: At 3FFE0440 len 00003AE0 (14 KiB): D/IRAM[0m
[0;32mI (490) heap_init: At 3FFE4350 len 0001BCB0 (111 KiB): D/IRAM[0m
[0;32mI (496) heap_init: At 40096B48 len 000094B8 (37 KiB): IRAM[0m
[0;32mI (504) spi_flash: detected chip: generic[0m
[0;32mI (507) spi_flash: flash io: dio[0m
[0;33mW (511) spi_flash: Detected size(4096k) larger than the size in the binary image header(2048k). Using the size in the binary image header.[0m
[0;32mI (525) main_task: Started on CPU0[0m
[0;32mI (535) main_task: Calling app_main()[0m
ESP_ERROR_CHECK failed: esp_err_t 0x103 (ESP_ERR_INVALID_STATE) at 0x400df1a1
file: "/IDF/components/esp_wifi/src/wifi_default.c" line 391
func: esp_netif_create_default_wifi_sta
expression: esp_wifi_set_default_wifi_sta_handlers()

abort() was called at PC 0x4008942f on core 0


Backtrace: 0x400817f6:0x3ffb9db0 0x40089439:0x3ffb9dd0 0x40090985:0x3ffb9df0 0x4008942f:0x3ffb9e60 0x400df1a1:0x3ffb9e90 0x400d6567:0x3ffb9ec0 0x400d66f2:0x3ffba090 0x40158cd3:0x3ffba0b0 0x40089f85:0x3ffba0e0




ELF file SHA256: c27676902

Rebooting...
ets Jun  8 2016 00:22:57

rst:0xc (SW_CPU_RESET),boot:0x13 (SPI_FAST_FLASH_BOOT)
configsip: 0, SPIWP:0xee
clk_drv:0x00,q_drv:0x00,d_drv:0x00,cs0_drv:0x00,hd_drv:0x00,wp_drv:0x00
mode:DIO, clock div:2
load:0x3fff0030,len:7172
load:0x40078000,len:15540
load:0x40080400,len:4
ho 8 tail 4 room 4
load:0x40080404,len:3904
entry 0x40080640
[0;32mI (30) boot: ESP-IDF v5.2.3 2nd stage bootloader[0m
[0;32mI (31) boot: compile time Oct  8 2024 19:40:23[0m
[0;32mI (31) boot: Multicore bootloader[0m
[0;32mI (35) boot: chip revision: v1.0[0m
[0;32mI (39) boot.esp32: SPI Speed      : 40MHz[0m
[0;32mI (44) boot.esp32: SPI Mode       : DIO[0m
[0;32mI (48) boot.esp32: SPI Flash Size : 2MB[0m
[0;32mI (53) boot: Enabling RNG early entropy source...[0m
[0;32mI (58) boot: Partition Table:[0m
[0;32mI (62) boot: ## Label            Usage          Type ST Offset   Length[0m
[0;32mI (69) boot:  0 nvs              WiFi data        01 02 00009000 00006000[0m
[0;32mI (76) boot:  1 phy_init         RF data          01 01 0000f000 00001000[0m
[0;32mI (84) boot:  2 factory          factory app      00 00 00010000 00100000[0m
[0;32mI (91) boot: End of partition table[0m
[0;32mI (96) esp_image: segment 0: paddr=00010020 vaddr=3f400020 size=211d0h (135632) map[0m
[0;32mI (150) esp_image: segment 1: paddr=000311f8 vaddr=3ffb0000 size=03cdch ( 15580) load[0m
[0;32mI (157) esp_image: segment 2: paddr=00034edc vaddr=40080000 size=0b13ch ( 45372) load[0m
[0;32mI (174) esp_image: segment 3: paddr=00040020 vaddr=400d0020 size=8ac80h (568448) map[0m
[0;32mI (369) esp_image: segment 4: paddr=000caca8 vaddr=4008b13c size=0ba0ch ( 47628) load[0m
[0;32mI (400) boot: Loaded app from partition at offset 0x10000[0m
[0;32mI (400) boot: Disabling RNG early entropy source...[0m
[0;32mI (411) cpu_start: Multicore app[0m
[0;32mI (421) cpu_start: Pro cpu start user code[0m
[0;32mI (421) cpu_start: cpu freq: 160000000 Hz[0m
[0;32mI (421) cpu_start: Application information:[0m
[0;32mI (424) cpu_start: Project name:     hello_world[0m
[0;32mI (429) cpu_start: App version:      1[0m
[0;32mI (433) cpu_start: Compile time:     Oct  8 2024 19:40:20[0m
[0;32mI (440) cpu_start: ELF file SHA256:  c27676902...[0m
[0;32mI (445) cpu_start: ESP-IDF:          v5.2.3[0m
[0;32mI (450) cpu_start: Min chip rev:     v0.0[0m
[0;32mI (454) cpu_start: Max chip rev:     v3.99 [0m
[0;32mI (459) cpu_start: Chip rev:         v1.0[0m
[0;32mI (464) heap_init: Initializing. RAM available for dynamic allocation:[0m
[0;32mI (471) heap_init: At 3FFAE6E0 len 00001920 (6 KiB): DRAM[0m
[0;32mI (477) heap_init: At 3FFB7DB8 len 00028248 (160 KiB): DRAM[0m
[0;32mI (483) heap_init: At 3FFE0440 len 00003AE0 (14 KiB): D/IRAM[0m
[0;32mI (490) heap_init: At 3FFE4350 len 0001BCB0 (111 KiB): D/IRAM[0m
[0;32mI (496) heap_init: At 40096B48 len 000094B8 (37 KiB): IRAM[0m
[0;32mI (504) spi_flash: detected chip: generic[0m
[0;32mI (507) spi_flash: flash io: dio[0m
[0;33mW (511) spi_flash: Detected size(4096k) larger than the size in the binary image header(2048k). Using the size in the binary image header.[0m
[0;32mI (525) main_task: Started on CPU0[0m
[0;32mI (535) main_task: Calling app_main()[0m
ESP_ERROR_CHECK failed: esp_err_t 0x103 (ESP_ERR_INVALID_STATE) at 0x400df1a1
file: "/IDF/components/esp_wifi/src/wifi_default.c" line 391
func: esp_netif_create_default_wifi_sta
expression: esp_wifi_set_default_wifi_sta_handlers()

abort() was called at PC 0x4008942f on core 0

